******************************************************************************
                  TI ARM Linker Unix v18.12.1                  
******************************************************************************
>> Linked Mon May  6 13:29:22 2019

OUTPUT FILE NAME:   <Project2.out>
ENTRY POINT SYMBOL: "_c_int00_noargs"  address: 000012b1


MEMORY CONFIGURATION

         name            origin    length      used     unused   attr    fill
----------------------  --------  ---------  --------  --------  ----  --------
  MAIN                  00000000   00040000  00001394  0003ec6c  R  X
  INFO                  00200000   00004000  00000000  00004000  R  X
  SRAM_CODE             01000000   00010000  0000021e  0000fde2  RW X
  SRAM_DATA             20000000   00010000  0000021e  0000fde2  RW  


SEGMENT ALLOCATION MAP

run origin  load origin   length   init length attrs members
----------  ----------- ---------- ----------- ----- -------
00000000    00000000    00001398   00001398    r-x
  00000000    00000000    000000e4   000000e4    r-- .intvecs
  000000e4    000000e4    00001270   00001270    r-x .text
  00001358    00001358    00000040   00000040    r-- .cinit
20000000    20000000    0000001e   00000000    rw-
  20000000    20000000    0000001c   00000000    rw- .data
  2000001c    2000001c    00000002   00000000    rw- .bss
2000fe00    2000fe00    00000200   00000000    rw-
  2000fe00    2000fe00    00000200   00000000    rw- .stack


SECTION ALLOCATION MAP

 output                                  attributes/
section   page    origin      length       input sections
--------  ----  ----------  ----------   ----------------
.intvecs   0    00000000    000000e4     
                  00000000    000000e4     startup_msp432p401r_ccs.obj (.intvecs:retain)

.text      0    000000e4    00001270     
                  000000e4    00000568     func_gen_states.obj (.text)
                  0000064c    00000334     system_msp432p401r.obj (.text)
                  00000980    00000320     LCD.obj (.text)
                  00000ca0    000001e4     gen_wave.obj (.text)
                  00000e84    00000134     keypad.obj (.text)
                  00000fb8    000000dc     func_gen.obj (.text)
                  00001094    0000009c     rtsv7M4_T_le_v4SPD16_eabi.lib : memcpy_t2.asm.obj (.text)
                  00001130    00000090     set_dco.obj (.text)
                  000011c0    00000068     rtsv7M4_T_le_v4SPD16_eabi.lib : copy_decompress_lzss.c.obj (.text:decompress:lzss:__TI_decompress_lzss)
                  00001228    00000044                                   : autoinit.c.obj (.text:__TI_auto_init_nobinit_nopinit:__TI_auto_init_nobinit_nopinit)
                  0000126c    00000044     delay.obj (.text)
                  000012b0    00000034     rtsv7M4_T_le_v4SPD16_eabi.lib : boot_cortex_m.c.obj (.text:_c_int00_noargs:_c_int00_noargs)
                  000012e4    00000026     main.obj (.text)
                  0000130a    00000014     rtsv7M4_T_le_v4SPD16_eabi.lib : strlen.c.obj (.text:strlen)
                  0000131e    00000012                                   : copy_zero_init.c.obj (.text:decompress:ZI:__TI_zero_init_nomemset:__TI_zero_init_nomemset)
                  00001330    0000000e                                   : copy_decompress_none.c.obj (.text:decompress:none:__TI_decompress_none)
                  0000133e    0000000e     startup_msp432p401r_ccs.obj (.text)
                  0000134c    00000004     rtsv7M4_T_le_v4SPD16_eabi.lib : pre_init.c.obj (.text:_system_pre_init)
                  00001350    00000004                                   : exit.c.obj (.text:abort:abort)

.cinit     0    00001358    00000040     
                  00001358    00000016     (.cinit..data.load) [load image, compression = lzss]
                  0000136e    00000002     --HOLE-- [fill = 0]
                  00001370    0000000c     (__TI_handler_table)
                  0000137c    00000004     --HOLE-- [fill = 0]
                  00001380    00000008     (.cinit..bss.load) [load image, compression = zero_init]
                  00001388    00000010     (__TI_cinit_table)

.init_array 
*          0    00000000    00000000     UNINITIALIZED

.binit     0    00000000    00000000     

.data      0    20000000    0000001c     UNINITIALIZED
                  20000000    0000000c     func_gen_states.obj (.data)
                  2000000c    0000000c     gen_wave.obj (.data)
                  20000018    00000004     system_msp432p401r.obj (.data)

.bss       0    2000001c    00000002     UNINITIALIZED
                  2000001c    00000001     (.common:current_event)
                  2000001d    00000001     (.common:next_wf_state)

.stack     0    2000fe00    00000200     UNINITIALIZED
                  2000fe00    00000004     rtsv7M4_T_le_v4SPD16_eabi.lib : boot_cortex_m.c.obj (.stack)
                  2000fe04    000001fc     --HOLE--

MODULE SUMMARY

       Module                        code   ro data   rw data
       ------                        ----   -------   -------
    ./
       func_gen_states.obj           1384   0         28     
       system_msp432p401r.obj        820    0         8      
       LCD.obj                       800    0         0      
       gen_wave.obj                  484    0         24     
       keypad.obj                    308    0         0      
       startup_msp432p401r_ccs.obj   14     228       0      
       func_gen.obj                  220    0         0      
       set_dco.obj                   144    0         0      
       delay.obj                     68     0         0      
       main.obj                      38     0         0      
    +--+-----------------------------+------+---------+---------+
       Total:                        4280   228       60     
                                                             
    /Applications/ti/ccs900/ccs/tools/compiler/ti-cgt-arm_18.12.1.LTS/lib/rtsv7M4_T_le_v4SPD16_eabi.lib
       memcpy_t2.asm.obj             156    0         0      
       copy_decompress_lzss.c.obj    104    0         0      
       autoinit.c.obj                68     0         0      
       boot_cortex_m.c.obj           52     0         0      
       strlen.c.obj                  20     0         0      
       copy_zero_init.c.obj          18     0         0      
       copy_decompress_none.c.obj    14     0         0      
       exit.c.obj                    4      0         0      
       pre_init.c.obj                4      0         0      
    +--+-----------------------------+------+---------+---------+
       Total:                        440    0         0      
                                                             
       Stack:                        0      0         1024   
       Linker Generated:             0      58        0      
    +--+-----------------------------+------+---------+---------+
       Grand Total:                  4720   286       1084   


LINKER GENERATED COPY TABLES

__TI_cinit_table @ 00001388 records: 2, size/record: 8, table size: 16
	.data: load addr=00001358, load size=00000016 bytes, run addr=20000000, run size=0000001c bytes, compression=lzss
	.bss: load addr=00001380, load size=00000008 bytes, run addr=2000001c, run size=00000002 bytes, compression=zero_init


LINKER GENERATED HANDLER TABLE

__TI_handler_table @ 00001370 records: 3, size/record: 4, table size: 12
	index: 0, handler: __TI_decompress_lzss
	index: 1, handler: __TI_decompress_none
	index: 2, handler: __TI_zero_init


GLOBAL SYMBOLS: SORTED ALPHABETICALLY BY Name 

address   name                          
-------   ----                          
0000134b  ADC14_IRQHandler              
0000134b  AES256_IRQHandler             
0000134b  BusFault_Handler              
00001351  C$$EXIT                       
0000134b  COMP_E0_IRQHandler            
0000134b  COMP_E1_IRQHandler            
0000134b  CS_IRQHandler                 
0000134b  DMA_ERR_IRQHandler            
0000134b  DMA_INT0_IRQHandler           
0000134b  DMA_INT1_IRQHandler           
0000134b  DMA_INT2_IRQHandler           
0000134b  DMA_INT3_IRQHandler           
0000134b  DebugMon_Handler              
0000134b  Default_Handler               
0000134b  EUSCIA0_IRQHandler            
0000134b  EUSCIA1_IRQHandler            
0000134b  EUSCIA2_IRQHandler            
0000134b  EUSCIA3_IRQHandler            
0000134b  EUSCIB0_IRQHandler            
0000134b  EUSCIB1_IRQHandler            
0000134b  EUSCIB2_IRQHandler            
0000134b  EUSCIB3_IRQHandler            
0000134b  FLCTL_IRQHandler              
0000134b  FPU_IRQHandler                
0000134b  HardFault_Handler             
0000134b  MemManage_Handler             
0000134b  NMI_Handler                   
0000134b  PCM_IRQHandler                
0000134b  PORT1_IRQHandler              
0000134b  PORT2_IRQHandler              
0000134b  PORT3_IRQHandler              
0000134b  PORT4_IRQHandler              
0000134b  PORT5_IRQHandler              
0000134b  PORT6_IRQHandler              
0000134b  PSS_IRQHandler                
0000134b  PendSV_Handler                
0000134b  RTC_C_IRQHandler              
0000133f  Reset_Handler                 
0000134b  SVC_Handler                   
0000134b  SysTick_Handler               
20000018  SystemCoreClock               
0000064d  SystemCoreClockUpdate         
000008c5  SystemInit                    
0000134b  T32_INT1_IRQHandler           
0000134b  T32_INT2_IRQHandler           
0000134b  T32_INTC_IRQHandler           
00000dff  TA0_0_IRQHandler              
00000dff  TA0_0_IRQHandler              
00000e2d  TA0_N_IRQHandler              
00000e2d  TA0_N_IRQHandler              
0000134b  TA1_0_IRQHandler              
0000134b  TA1_N_IRQHandler              
0000134b  TA2_0_IRQHandler              
0000134b  TA2_N_IRQHandler              
0000134b  TA3_0_IRQHandler              
0000134b  TA3_N_IRQHandler              
0000134b  UsageFault_Handler            
4000480c  WDTCTL_SYM                    
0000134b  WDT_A_IRQHandler              
20010000  __STACK_END                   
00000200  __STACK_SIZE                  
00001388  __TI_CINIT_Base               
00001398  __TI_CINIT_Limit              
00001370  __TI_Handler_Table_Base       
0000137c  __TI_Handler_Table_Limit      
00001229  __TI_auto_init_nobinit_nopinit
000011c1  __TI_decompress_lzss          
00001331  __TI_decompress_none          
ffffffff  __TI_pprof_out_hndl           
ffffffff  __TI_prof_data_size           
ffffffff  __TI_prof_data_start          
00000000  __TI_static_base__            
0000131f  __TI_zero_init_nomemset       
00001095  __aeabi_memcpy                
00001095  __aeabi_memcpy4               
00001095  __aeabi_memcpy8               
ffffffff  __binit__                     
ffffffff  __c_args__                    
UNDEFED   __mpu_init                    
2000fe00  __stack                       
000012b1  _c_int00_noargs               
UNDEFED   _system_post_cinit            
0000134d  _system_pre_init              
00001351  abort                         
ffffffff  binit                         
20000014  ccr0_rate                     
00000981  clear_LCD                     
00000aab  command                       
20000008  current_duty                  
2000001c  current_event                 
20000004  current_freq                  
20000001  current_sq_state              
20000000  current_wf_state              
00001057  decr_duty_cycle               
0000126d  delay_us                      
000000e5  func_gen_fsm                  
00000ca1  gen_wave                      
00000b4b  get_addr                      
00000eb9  get_key                       
0000098f  home_LCD                      
0000103d  incr_duty_cycle               
00000fb9  init_SPI                      
00000e85  init_keypad                   
00000a15  init_lcd                      
0000100b  init_timer                    
00000000  interruptVectors              
000012e5  main                          
00001095  memcpy                        
2000001d  next_wf_state                 
00000b29  output_data                   
00000beb  read_data                     
00000d61  saw_wave                      
00000355  selection_ISR                 
00001131  set_DCO                       
00000bd3  set_addr                      
0000099d  set_line                      
00000da1  set_voltage                   
000009b5  shift_LCD                     
00000cd9  square_wave                   
0000130b  strlen                        
00000b0b  toggle_EN                     
0000043b  update_display                
2000000c  volt_rate                     
20000010  voltage                       
00000ad7  write_char                    
0000050d  write_frequency               
000009ed  write_string                  


GLOBAL SYMBOLS: SORTED BY Symbol Address 

address   name                          
-------   ----                          
00000000  __TI_static_base__            
00000000  interruptVectors              
000000e5  func_gen_fsm                  
00000200  __STACK_SIZE                  
00000355  selection_ISR                 
0000043b  update_display                
0000050d  write_frequency               
0000064d  SystemCoreClockUpdate         
000008c5  SystemInit                    
00000981  clear_LCD                     
0000098f  home_LCD                      
0000099d  set_line                      
000009b5  shift_LCD                     
000009ed  write_string                  
00000a15  init_lcd                      
00000aab  command                       
00000ad7  write_char                    
00000b0b  toggle_EN                     
00000b29  output_data                   
00000b4b  get_addr                      
00000bd3  set_addr                      
00000beb  read_data                     
00000ca1  gen_wave                      
00000cd9  square_wave                   
00000d61  saw_wave                      
00000da1  set_voltage                   
00000dff  TA0_0_IRQHandler              
00000dff  TA0_0_IRQHandler              
00000e2d  TA0_N_IRQHandler              
00000e2d  TA0_N_IRQHandler              
00000e85  init_keypad                   
00000eb9  get_key                       
00000fb9  init_SPI                      
0000100b  init_timer                    
0000103d  incr_duty_cycle               
00001057  decr_duty_cycle               
00001095  __aeabi_memcpy                
00001095  __aeabi_memcpy4               
00001095  __aeabi_memcpy8               
00001095  memcpy                        
00001131  set_DCO                       
000011c1  __TI_decompress_lzss          
00001229  __TI_auto_init_nobinit_nopinit
0000126d  delay_us                      
000012b1  _c_int00_noargs               
000012e5  main                          
0000130b  strlen                        
0000131f  __TI_zero_init_nomemset       
00001331  __TI_decompress_none          
0000133f  Reset_Handler                 
0000134b  ADC14_IRQHandler              
0000134b  AES256_IRQHandler             
0000134b  BusFault_Handler              
0000134b  COMP_E0_IRQHandler            
0000134b  COMP_E1_IRQHandler            
0000134b  CS_IRQHandler                 
0000134b  DMA_ERR_IRQHandler            
0000134b  DMA_INT0_IRQHandler           
0000134b  DMA_INT1_IRQHandler           
0000134b  DMA_INT2_IRQHandler           
0000134b  DMA_INT3_IRQHandler           
0000134b  DebugMon_Handler              
0000134b  Default_Handler               
0000134b  EUSCIA0_IRQHandler            
0000134b  EUSCIA1_IRQHandler            
0000134b  EUSCIA2_IRQHandler            
0000134b  EUSCIA3_IRQHandler            
0000134b  EUSCIB0_IRQHandler            
0000134b  EUSCIB1_IRQHandler            
0000134b  EUSCIB2_IRQHandler            
0000134b  EUSCIB3_IRQHandler            
0000134b  FLCTL_IRQHandler              
0000134b  FPU_IRQHandler                
0000134b  HardFault_Handler             
0000134b  MemManage_Handler             
0000134b  NMI_Handler                   
0000134b  PCM_IRQHandler                
0000134b  PORT1_IRQHandler              
0000134b  PORT2_IRQHandler              
0000134b  PORT3_IRQHandler              
0000134b  PORT4_IRQHandler              
0000134b  PORT5_IRQHandler              
0000134b  PORT6_IRQHandler              
0000134b  PSS_IRQHandler                
0000134b  PendSV_Handler                
0000134b  RTC_C_IRQHandler              
0000134b  SVC_Handler                   
0000134b  SysTick_Handler               
0000134b  T32_INT1_IRQHandler           
0000134b  T32_INT2_IRQHandler           
0000134b  T32_INTC_IRQHandler           
0000134b  TA1_0_IRQHandler              
0000134b  TA1_N_IRQHandler              
0000134b  TA2_0_IRQHandler              
0000134b  TA2_N_IRQHandler              
0000134b  TA3_0_IRQHandler              
0000134b  TA3_N_IRQHandler              
0000134b  UsageFault_Handler            
0000134b  WDT_A_IRQHandler              
0000134d  _system_pre_init              
00001351  C$$EXIT                       
00001351  abort                         
00001370  __TI_Handler_Table_Base       
0000137c  __TI_Handler_Table_Limit      
00001388  __TI_CINIT_Base               
00001398  __TI_CINIT_Limit              
20000000  current_wf_state              
20000001  current_sq_state              
20000004  current_freq                  
20000008  current_duty                  
2000000c  volt_rate                     
20000010  voltage                       
20000014  ccr0_rate                     
20000018  SystemCoreClock               
2000001c  current_event                 
2000001d  next_wf_state                 
2000fe00  __stack                       
20010000  __STACK_END                   
4000480c  WDTCTL_SYM                    
ffffffff  __TI_pprof_out_hndl           
ffffffff  __TI_prof_data_size           
ffffffff  __TI_prof_data_start          
ffffffff  __binit__                     
ffffffff  __c_args__                    
ffffffff  binit                         
UNDEFED   __mpu_init                    
UNDEFED   _system_post_cinit            

[127 symbols]
