******************************************************************************
                  TI ARM Linker Unix v18.12.1                  
******************************************************************************
>> Linked Mon May  6 01:05:03 2019

OUTPUT FILE NAME:   <Project2.out>
ENTRY POINT SYMBOL: "_c_int00_noargs"  address: 00000f99


MEMORY CONFIGURATION

         name            origin    length      used     unused   attr    fill
----------------------  --------  ---------  --------  --------  ----  --------
  MAIN                  00000000   00040000  0000104e  0003efb2  R  X
  INFO                  00200000   00004000  00000000  00004000  R  X
  SRAM_CODE             01000000   00010000  00000209  0000fdf7  RW X
  SRAM_DATA             20000000   00010000  00000209  0000fdf7  RW  


SEGMENT ALLOCATION MAP

run origin  load origin   length   init length attrs members
----------  ----------- ---------- ----------- ----- -------
00000000    00000000    00001050   00001050    r-x
  00000000    00000000    000000e4   000000e4    r-- .intvecs
  000000e4    000000e4    00000f32   00000f32    r-x .text
  00001018    00001018    00000038   00000038    r-- .cinit
20000000    20000000    00000009   00000000    rw-
  20000000    20000000    00000008   00000000    rw- .data
  20000008    20000008    00000001   00000000    rw- .bss
2000fe00    2000fe00    00000200   00000000    rw-
  2000fe00    2000fe00    00000200   00000000    rw- .stack


SECTION ALLOCATION MAP

 output                                  attributes/
section   page    origin      length       input sections
--------  ----  ----------  ----------   ----------------
.intvecs   0    00000000    000000e4     
                  00000000    000000e4     startup_msp432p401r_ccs.obj (.intvecs:retain)

.text      0    000000e4    00000f32     
                  000000e4    0000035c     func_gen_states.obj (.text)
                  00000440    00000334     system_msp432p401r.obj (.text)
                  00000774    000002d0     LCD.obj (.text)
                  00000a44    0000018c     func_gen.obj (.text)
                  00000bd0    00000134     keypad.obj (.text)
                  00000d04    0000009c     rtsv7M4_T_le_v4SPD16_eabi.lib : memcpy_t2.asm.obj (.text)
                  00000da0    00000090     set_dco.obj (.text)
                  00000e30    00000078     main.obj (.text)
                  00000ea8    00000068     rtsv7M4_T_le_v4SPD16_eabi.lib : copy_decompress_lzss.c.obj (.text:decompress:lzss:__TI_decompress_lzss)
                  00000f10    00000044                                   : autoinit.c.obj (.text:__TI_auto_init_nobinit_nopinit:__TI_auto_init_nobinit_nopinit)
                  00000f54    00000044     delay.obj (.text)
                  00000f98    00000034     rtsv7M4_T_le_v4SPD16_eabi.lib : boot_cortex_m.c.obj (.text:_c_int00_noargs:_c_int00_noargs)
                  00000fcc    00000014                                   : strlen.c.obj (.text:strlen)
                  00000fe0    00000012                                   : copy_zero_init.c.obj (.text:decompress:ZI:__TI_zero_init_nomemset:__TI_zero_init_nomemset)
                  00000ff2    0000000e                                   : copy_decompress_none.c.obj (.text:decompress:none:__TI_decompress_none)
                  00001000    0000000e     startup_msp432p401r_ccs.obj (.text)
                  0000100e    00000004     rtsv7M4_T_le_v4SPD16_eabi.lib : pre_init.c.obj (.text:_system_pre_init)
                  00001012    00000004                                   : exit.c.obj (.text:abort:abort)

.cinit     0    00001018    00000038     
                  00001018    0000000d     (.cinit..data.load) [load image, compression = lzss]
                  00001025    00000003     --HOLE-- [fill = 0]
                  00001028    0000000c     (__TI_handler_table)
                  00001034    00000004     --HOLE-- [fill = 0]
                  00001038    00000008     (.cinit..bss.load) [load image, compression = zero_init]
                  00001040    00000010     (__TI_cinit_table)

.init_array 
*          0    00000000    00000000     UNINITIALIZED

.binit     0    00000000    00000000     

.data      0    20000000    00000008     UNINITIALIZED
                  20000000    00000004     system_msp432p401r.obj (.data)
                  20000004    00000002     func_gen.obj (.data)
                  20000006    00000002     func_gen_states.obj (.data)

.bss       0    20000008    00000001     UNINITIALIZED
                  20000008    00000001     (.common:current_event)

.stack     0    2000fe00    00000200     UNINITIALIZED
                  2000fe00    00000004     rtsv7M4_T_le_v4SPD16_eabi.lib : boot_cortex_m.c.obj (.stack)
                  2000fe04    000001fc     --HOLE--

MODULE SUMMARY

       Module                        code   ro data   rw data
       ------                        ----   -------   -------
    ./
       func_gen_states.obj           860    0         6      
       system_msp432p401r.obj        820    0         8      
       LCD.obj                       720    0         0      
       func_gen.obj                  396    0         4      
       keypad.obj                    308    0         0      
       startup_msp432p401r_ccs.obj   14     228       0      
       set_dco.obj                   144    0         0      
       main.obj                      120    0         0      
       delay.obj                     68     0         0      
    +--+-----------------------------+------+---------+---------+
       Total:                        3450   228       18     
                                                             
    /Applications/ti/ccs900/ccs/tools/compiler/ti-cgt-arm_18.12.1.LTS/lib/rtsv7M4_T_le_v4SPD16_eabi.lib
       memcpy_t2.asm.obj             156    0         0      
       copy_decompress_lzss.c.obj    104    0         0      
       autoinit.c.obj                68     0         0      
       boot_cortex_m.c.obj           52     0         0      
       strlen.c.obj                  20     0         0      
       copy_zero_init.c.obj          18     0         0      
       copy_decompress_none.c.obj    14     0         0      
       exit.c.obj                    4      0         0      
       pre_init.c.obj                4      0         0      
    +--+-----------------------------+------+---------+---------+
       Total:                        440    0         0      
                                                             
       Stack:                        0      0         1024   
       Linker Generated:             0      49        0      
    +--+-----------------------------+------+---------+---------+
       Grand Total:                  3890   277       1042   


LINKER GENERATED COPY TABLES

__TI_cinit_table @ 00001040 records: 2, size/record: 8, table size: 16
	.data: load addr=00001018, load size=0000000d bytes, run addr=20000000, run size=00000008 bytes, compression=lzss
	.bss: load addr=00001038, load size=00000008 bytes, run addr=20000008, run size=00000001 bytes, compression=zero_init


LINKER GENERATED HANDLER TABLE

__TI_handler_table @ 00001028 records: 3, size/record: 4, table size: 12
	index: 0, handler: __TI_decompress_lzss
	index: 1, handler: __TI_decompress_none
	index: 2, handler: __TI_zero_init


GLOBAL SYMBOLS: SORTED ALPHABETICALLY BY Name 

address   name                          
-------   ----                          
0000100d  ADC14_IRQHandler              
0000100d  AES256_IRQHandler             
0000100d  BusFault_Handler              
00001013  C$$EXIT                       
0000100d  COMP_E0_IRQHandler            
0000100d  COMP_E1_IRQHandler            
0000100d  CS_IRQHandler                 
0000100d  DMA_ERR_IRQHandler            
0000100d  DMA_INT0_IRQHandler           
0000100d  DMA_INT1_IRQHandler           
0000100d  DMA_INT2_IRQHandler           
0000100d  DMA_INT3_IRQHandler           
0000100d  DebugMon_Handler              
0000100d  Default_Handler               
0000100d  EUSCIA0_IRQHandler            
0000100d  EUSCIA1_IRQHandler            
0000100d  EUSCIA2_IRQHandler            
0000100d  EUSCIA3_IRQHandler            
0000100d  EUSCIB0_IRQHandler            
0000100d  EUSCIB1_IRQHandler            
0000100d  EUSCIB2_IRQHandler            
0000100d  EUSCIB3_IRQHandler            
0000100d  FLCTL_IRQHandler              
0000100d  FPU_IRQHandler                
0000100d  HardFault_Handler             
0000100d  MemManage_Handler             
0000100d  NMI_Handler                   
0000100d  PCM_IRQHandler                
0000100d  PORT1_IRQHandler              
0000100d  PORT2_IRQHandler              
0000100d  PORT3_IRQHandler              
0000100d  PORT4_IRQHandler              
0000100d  PORT5_IRQHandler              
0000100d  PORT6_IRQHandler              
0000100d  PSS_IRQHandler                
0000100d  PendSV_Handler                
0000100d  RTC_C_IRQHandler              
00001001  Reset_Handler                 
0000100d  SVC_Handler                   
0000100d  SysTick_Handler               
20000000  SystemCoreClock               
00000441  SystemCoreClockUpdate         
000006b9  SystemInit                    
0000100d  T32_INT1_IRQHandler           
0000100d  T32_INT2_IRQHandler           
0000100d  T32_INTC_IRQHandler           
00000abd  TA0_0_IRQHandler              
00000abd  TA0_0_IRQHandler              
00000ae3  TA0_N_IRQHandler              
00000ae3  TA0_N_IRQHandler              
0000100d  TA1_0_IRQHandler              
0000100d  TA1_N_IRQHandler              
0000100d  TA2_0_IRQHandler              
0000100d  TA2_N_IRQHandler              
0000100d  TA3_0_IRQHandler              
0000100d  TA3_N_IRQHandler              
0000100d  UsageFault_Handler            
4000480c  WDTCTL_SYM                    
0000100d  WDT_A_IRQHandler              
20010000  __STACK_END                   
00000200  __STACK_SIZE                  
00001040  __TI_CINIT_Base               
00001050  __TI_CINIT_Limit              
00001028  __TI_Handler_Table_Base       
00001034  __TI_Handler_Table_Limit      
00000f11  __TI_auto_init_nobinit_nopinit
00000ea9  __TI_decompress_lzss          
00000ff3  __TI_decompress_none          
ffffffff  __TI_pprof_out_hndl           
ffffffff  __TI_prof_data_size           
ffffffff  __TI_prof_data_start          
00000000  __TI_static_base__            
00000fe1  __TI_zero_init_nomemset       
00000d05  __aeabi_memcpy                
00000d05  __aeabi_memcpy4               
00000d05  __aeabi_memcpy8               
ffffffff  __binit__                     
ffffffff  __c_args__                    
UNDEFED   __mpu_init                    
2000fe00  __stack                       
00000f99  _c_int00_noargs               
UNDEFED   _system_post_cinit            
0000100f  _system_pre_init              
00001013  abort                         
ffffffff  binit                         
00000775  clear_LCD                     
00000863  command                       
20000008  current_event                 
20000007  current_sq_state              
20000006  current_wf_state              
00000b81  decr_duty_cycle               
00000f55  delay_us                      
00000417  display                       
000000e5  func_gen_fsm                  
00000903  get_addr                      
00000c05  get_key                       
00000783  home_LCD                      
00000b67  incr_duty_cycle               
00000a45  init_SPI                      
00000bd1  init_keypad                   
00000a97  init_timer                    
00000000  interruptVectors              
00000809  lcd_init                      
00000e31  main                          
00000d05  memcpy                        
000008e1  output_data                   
000009a3  read_data                     
0000036d  selection_ISR                 
00000da1  set_DCO                       
0000098b  set_addr                      
00000791  set_line                      
00000b07  set_voltage                   
000007a9  shift_LCD                     
00000fcd  strlen                        
000008c3  toggle_EN                     
20000004  voltage                       
0000088f  write_char                    
000007e1  write_string                  


GLOBAL SYMBOLS: SORTED BY Symbol Address 

address   name                          
-------   ----                          
00000000  __TI_static_base__            
00000000  interruptVectors              
000000e5  func_gen_fsm                  
00000200  __STACK_SIZE                  
0000036d  selection_ISR                 
00000417  display                       
00000441  SystemCoreClockUpdate         
000006b9  SystemInit                    
00000775  clear_LCD                     
00000783  home_LCD                      
00000791  set_line                      
000007a9  shift_LCD                     
000007e1  write_string                  
00000809  lcd_init                      
00000863  command                       
0000088f  write_char                    
000008c3  toggle_EN                     
000008e1  output_data                   
00000903  get_addr                      
0000098b  set_addr                      
000009a3  read_data                     
00000a45  init_SPI                      
00000a97  init_timer                    
00000abd  TA0_0_IRQHandler              
00000abd  TA0_0_IRQHandler              
00000ae3  TA0_N_IRQHandler              
00000ae3  TA0_N_IRQHandler              
00000b07  set_voltage                   
00000b67  incr_duty_cycle               
00000b81  decr_duty_cycle               
00000bd1  init_keypad                   
00000c05  get_key                       
00000d05  __aeabi_memcpy                
00000d05  __aeabi_memcpy4               
00000d05  __aeabi_memcpy8               
00000d05  memcpy                        
00000da1  set_DCO                       
00000e31  main                          
00000ea9  __TI_decompress_lzss          
00000f11  __TI_auto_init_nobinit_nopinit
00000f55  delay_us                      
00000f99  _c_int00_noargs               
00000fcd  strlen                        
00000fe1  __TI_zero_init_nomemset       
00000ff3  __TI_decompress_none          
00001001  Reset_Handler                 
0000100d  ADC14_IRQHandler              
0000100d  AES256_IRQHandler             
0000100d  BusFault_Handler              
0000100d  COMP_E0_IRQHandler            
0000100d  COMP_E1_IRQHandler            
0000100d  CS_IRQHandler                 
0000100d  DMA_ERR_IRQHandler            
0000100d  DMA_INT0_IRQHandler           
0000100d  DMA_INT1_IRQHandler           
0000100d  DMA_INT2_IRQHandler           
0000100d  DMA_INT3_IRQHandler           
0000100d  DebugMon_Handler              
0000100d  Default_Handler               
0000100d  EUSCIA0_IRQHandler            
0000100d  EUSCIA1_IRQHandler            
0000100d  EUSCIA2_IRQHandler            
0000100d  EUSCIA3_IRQHandler            
0000100d  EUSCIB0_IRQHandler            
0000100d  EUSCIB1_IRQHandler            
0000100d  EUSCIB2_IRQHandler            
0000100d  EUSCIB3_IRQHandler            
0000100d  FLCTL_IRQHandler              
0000100d  FPU_IRQHandler                
0000100d  HardFault_Handler             
0000100d  MemManage_Handler             
0000100d  NMI_Handler                   
0000100d  PCM_IRQHandler                
0000100d  PORT1_IRQHandler              
0000100d  PORT2_IRQHandler              
0000100d  PORT3_IRQHandler              
0000100d  PORT4_IRQHandler              
0000100d  PORT5_IRQHandler              
0000100d  PORT6_IRQHandler              
0000100d  PSS_IRQHandler                
0000100d  PendSV_Handler                
0000100d  RTC_C_IRQHandler              
0000100d  SVC_Handler                   
0000100d  SysTick_Handler               
0000100d  T32_INT1_IRQHandler           
0000100d  T32_INT2_IRQHandler           
0000100d  T32_INTC_IRQHandler           
0000100d  TA1_0_IRQHandler              
0000100d  TA1_N_IRQHandler              
0000100d  TA2_0_IRQHandler              
0000100d  TA2_N_IRQHandler              
0000100d  TA3_0_IRQHandler              
0000100d  TA3_N_IRQHandler              
0000100d  UsageFault_Handler            
0000100d  WDT_A_IRQHandler              
0000100f  _system_pre_init              
00001013  C$$EXIT                       
00001013  abort                         
00001028  __TI_Handler_Table_Base       
00001034  __TI_Handler_Table_Limit      
00001040  __TI_CINIT_Base               
00001050  __TI_CINIT_Limit              
20000000  SystemCoreClock               
20000004  voltage                       
20000006  current_wf_state              
20000007  current_sq_state              
20000008  current_event                 
2000fe00  __stack                       
20010000  __STACK_END                   
4000480c  WDTCTL_SYM                    
ffffffff  __TI_pprof_out_hndl           
ffffffff  __TI_prof_data_size           
ffffffff  __TI_prof_data_start          
ffffffff  __binit__                     
ffffffff  __c_args__                    
ffffffff  binit                         
UNDEFED   __mpu_init                    
UNDEFED   _system_post_cinit            

[118 symbols]
