******************************************************************************
                  TI ARM Linker Unix v18.12.1                  
******************************************************************************
>> Linked Mon May  6 02:26:58 2019

OUTPUT FILE NAME:   <Project2.out>
ENTRY POINT SYMBOL: "_c_int00_noargs"  address: 00001129


MEMORY CONFIGURATION

         name            origin    length      used     unused   attr    fill
----------------------  --------  ---------  --------  --------  ----  --------
  MAIN                  00000000   00040000  00001204  0003edfc  R  X
  INFO                  00200000   00004000  00000000  00004000  R  X
  SRAM_CODE             01000000   00010000  00000210  0000fdf0  RW X
  SRAM_DATA             20000000   00010000  00000210  0000fdf0  RW  


SEGMENT ALLOCATION MAP

run origin  load origin   length   init length attrs members
----------  ----------- ---------- ----------- ----- -------
00000000    00000000    00001208   00001208    r-x
  00000000    00000000    000000e4   000000e4    r-- .intvecs
  000000e4    000000e4    000010e8   000010e8    r-x .text
  000011d0    000011d0    00000038   00000038    r-- .cinit
20000000    20000000    00000010   00000000    rw-
  20000000    20000000    0000000e   00000000    rw- .data
  2000000e    2000000e    00000002   00000000    rw- .bss
2000fe00    2000fe00    00000200   00000000    rw-
  2000fe00    2000fe00    00000200   00000000    rw- .stack


SECTION ALLOCATION MAP

 output                                  attributes/
section   page    origin      length       input sections
--------  ----  ----------  ----------   ----------------
.intvecs   0    00000000    000000e4     
                  00000000    000000e4     startup_msp432p401r_ccs.obj (.intvecs:retain)

.text      0    000000e4    000010e8     
                  000000e4    00000514     func_gen_states.obj (.text)
                  000005f8    00000334     system_msp432p401r.obj (.text)
                  0000092c    00000320     LCD.obj (.text)
                  00000c4c    0000018c     func_gen.obj (.text)
                  00000dd8    00000134     keypad.obj (.text)
                  00000f0c    0000009c     rtsv7M4_T_le_v4SPD16_eabi.lib : memcpy_t2.asm.obj (.text)
                  00000fa8    00000090     set_dco.obj (.text)
                  00001038    00000068     rtsv7M4_T_le_v4SPD16_eabi.lib : copy_decompress_lzss.c.obj (.text:decompress:lzss:__TI_decompress_lzss)
                  000010a0    00000044                                   : autoinit.c.obj (.text:__TI_auto_init_nobinit_nopinit:__TI_auto_init_nobinit_nopinit)
                  000010e4    00000044     delay.obj (.text)
                  00001128    00000034     rtsv7M4_T_le_v4SPD16_eabi.lib : boot_cortex_m.c.obj (.text:_c_int00_noargs:_c_int00_noargs)
                  0000115c    00000026     main.obj (.text)
                  00001182    00000014     rtsv7M4_T_le_v4SPD16_eabi.lib : strlen.c.obj (.text:strlen)
                  00001196    00000012                                   : copy_zero_init.c.obj (.text:decompress:ZI:__TI_zero_init_nomemset:__TI_zero_init_nomemset)
                  000011a8    0000000e                                   : copy_decompress_none.c.obj (.text:decompress:none:__TI_decompress_none)
                  000011b6    0000000e     startup_msp432p401r_ccs.obj (.text)
                  000011c4    00000004     rtsv7M4_T_le_v4SPD16_eabi.lib : pre_init.c.obj (.text:_system_pre_init)
                  000011c8    00000004                                   : exit.c.obj (.text:abort:abort)

.cinit     0    000011d0    00000038     
                  000011d0    00000013     (.cinit..data.load) [load image, compression = lzss]
                  000011e3    00000001     --HOLE-- [fill = 0]
                  000011e4    0000000c     (__TI_handler_table)
                  000011f0    00000008     (.cinit..bss.load) [load image, compression = zero_init]
                  000011f8    00000010     (__TI_cinit_table)

.init_array 
*          0    00000000    00000000     UNINITIALIZED

.binit     0    00000000    00000000     

.data      0    20000000    0000000e     UNINITIALIZED
                  20000000    00000008     func_gen_states.obj (.data)
                  20000008    00000004     system_msp432p401r.obj (.data)
                  2000000c    00000002     func_gen.obj (.data)

.bss       0    2000000e    00000002     UNINITIALIZED
                  2000000e    00000001     (.common:current_event)
                  2000000f    00000001     (.common:next_wf_state)

.stack     0    2000fe00    00000200     UNINITIALIZED
                  2000fe00    00000004     rtsv7M4_T_le_v4SPD16_eabi.lib : boot_cortex_m.c.obj (.stack)
                  2000fe04    000001fc     --HOLE--

MODULE SUMMARY

       Module                        code   ro data   rw data
       ------                        ----   -------   -------
    ./
       func_gen_states.obj           1300   0         20     
       system_msp432p401r.obj        820    0         8      
       LCD.obj                       800    0         0      
       func_gen.obj                  396    0         4      
       keypad.obj                    308    0         0      
       startup_msp432p401r_ccs.obj   14     228       0      
       set_dco.obj                   144    0         0      
       delay.obj                     68     0         0      
       main.obj                      38     0         0      
    +--+-----------------------------+------+---------+---------+
       Total:                        3888   228       32     
                                                             
    /Applications/ti/ccs900/ccs/tools/compiler/ti-cgt-arm_18.12.1.LTS/lib/rtsv7M4_T_le_v4SPD16_eabi.lib
       memcpy_t2.asm.obj             156    0         0      
       copy_decompress_lzss.c.obj    104    0         0      
       autoinit.c.obj                68     0         0      
       boot_cortex_m.c.obj           52     0         0      
       strlen.c.obj                  20     0         0      
       copy_zero_init.c.obj          18     0         0      
       copy_decompress_none.c.obj    14     0         0      
       exit.c.obj                    4      0         0      
       pre_init.c.obj                4      0         0      
    +--+-----------------------------+------+---------+---------+
       Total:                        440    0         0      
                                                             
       Stack:                        0      0         1024   
       Linker Generated:             0      55        0      
    +--+-----------------------------+------+---------+---------+
       Grand Total:                  4328   283       1056   


LINKER GENERATED COPY TABLES

__TI_cinit_table @ 000011f8 records: 2, size/record: 8, table size: 16
	.data: load addr=000011d0, load size=00000013 bytes, run addr=20000000, run size=0000000e bytes, compression=lzss
	.bss: load addr=000011f0, load size=00000008 bytes, run addr=2000000e, run size=00000002 bytes, compression=zero_init


LINKER GENERATED HANDLER TABLE

__TI_handler_table @ 000011e4 records: 3, size/record: 4, table size: 12
	index: 0, handler: __TI_decompress_lzss
	index: 1, handler: __TI_decompress_none
	index: 2, handler: __TI_zero_init


GLOBAL SYMBOLS: SORTED ALPHABETICALLY BY Name 

address   name                          
-------   ----                          
000011c3  ADC14_IRQHandler              
000011c3  AES256_IRQHandler             
000011c3  BusFault_Handler              
000011c9  C$$EXIT                       
000011c3  COMP_E0_IRQHandler            
000011c3  COMP_E1_IRQHandler            
000011c3  CS_IRQHandler                 
000011c3  DMA_ERR_IRQHandler            
000011c3  DMA_INT0_IRQHandler           
000011c3  DMA_INT1_IRQHandler           
000011c3  DMA_INT2_IRQHandler           
000011c3  DMA_INT3_IRQHandler           
000011c3  DebugMon_Handler              
000011c3  Default_Handler               
000011c3  EUSCIA0_IRQHandler            
000011c3  EUSCIA1_IRQHandler            
000011c3  EUSCIA2_IRQHandler            
000011c3  EUSCIA3_IRQHandler            
000011c3  EUSCIB0_IRQHandler            
000011c3  EUSCIB1_IRQHandler            
000011c3  EUSCIB2_IRQHandler            
000011c3  EUSCIB3_IRQHandler            
000011c3  FLCTL_IRQHandler              
000011c3  FPU_IRQHandler                
000011c3  HardFault_Handler             
000011c3  MemManage_Handler             
000011c3  NMI_Handler                   
000011c3  PCM_IRQHandler                
000011c3  PORT1_IRQHandler              
000011c3  PORT2_IRQHandler              
000011c3  PORT3_IRQHandler              
000011c3  PORT4_IRQHandler              
000011c3  PORT5_IRQHandler              
000011c3  PORT6_IRQHandler              
000011c3  PSS_IRQHandler                
000011c3  PendSV_Handler                
000011c3  RTC_C_IRQHandler              
000011b7  Reset_Handler                 
000011c3  SVC_Handler                   
000011c3  SysTick_Handler               
20000008  SystemCoreClock               
000005f9  SystemCoreClockUpdate         
00000871  SystemInit                    
000011c3  T32_INT1_IRQHandler           
000011c3  T32_INT2_IRQHandler           
000011c3  T32_INTC_IRQHandler           
00000cc5  TA0_0_IRQHandler              
00000cc5  TA0_0_IRQHandler              
00000ceb  TA0_N_IRQHandler              
00000ceb  TA0_N_IRQHandler              
000011c3  TA1_0_IRQHandler              
000011c3  TA1_N_IRQHandler              
000011c3  TA2_0_IRQHandler              
000011c3  TA2_N_IRQHandler              
000011c3  TA3_0_IRQHandler              
000011c3  TA3_N_IRQHandler              
000011c3  UsageFault_Handler            
4000480c  WDTCTL_SYM                    
000011c3  WDT_A_IRQHandler              
20010000  __STACK_END                   
00000200  __STACK_SIZE                  
000011f8  __TI_CINIT_Base               
00001208  __TI_CINIT_Limit              
000011e4  __TI_Handler_Table_Base       
000011f0  __TI_Handler_Table_Limit      
000010a1  __TI_auto_init_nobinit_nopinit
00001039  __TI_decompress_lzss          
000011a9  __TI_decompress_none          
ffffffff  __TI_pprof_out_hndl           
ffffffff  __TI_prof_data_size           
ffffffff  __TI_prof_data_start          
00000000  __TI_static_base__            
00001197  __TI_zero_init_nomemset       
00000f0d  __aeabi_memcpy                
00000f0d  __aeabi_memcpy4               
00000f0d  __aeabi_memcpy8               
ffffffff  __binit__                     
ffffffff  __c_args__                    
UNDEFED   __mpu_init                    
2000fe00  __stack                       
00001129  _c_int00_noargs               
UNDEFED   _system_post_cinit            
000011c5  _system_pre_init              
000011c9  abort                         
ffffffff  binit                         
0000092d  clear_LCD                     
00000a57  command                       
2000000e  current_event                 
20000004  current_freq                  
20000001  current_sq_state              
20000000  current_wf_state              
00000d89  decr_duty_cycle               
000010e5  delay_us                      
000000e5  func_gen_fsm                  
00000af7  get_addr                      
00000e0d  get_key                       
0000093b  home_LCD                      
00000d6f  incr_duty_cycle               
00000c4d  init_SPI                      
00000dd9  init_keypad                   
000009c1  init_lcd                      
00000c9f  init_timer                    
00000000  interruptVectors              
0000115d  main                          
00000f0d  memcpy                        
2000000f  next_wf_state                 
00000ad5  output_data                   
00000b97  read_data                     
00000309  selection_ISR                 
00000fa9  set_DCO                       
00000b7f  set_addr                      
00000949  set_line                      
00000d0f  set_voltage                   
00000961  shift_LCD                     
00001183  strlen                        
00000ab7  toggle_EN                     
000003eb  update_display                
2000000c  voltage                       
00000a83  write_char                    
000004bd  write_frequency               
00000999  write_string                  


GLOBAL SYMBOLS: SORTED BY Symbol Address 

address   name                          
-------   ----                          
00000000  __TI_static_base__            
00000000  interruptVectors              
000000e5  func_gen_fsm                  
00000200  __STACK_SIZE                  
00000309  selection_ISR                 
000003eb  update_display                
000004bd  write_frequency               
000005f9  SystemCoreClockUpdate         
00000871  SystemInit                    
0000092d  clear_LCD                     
0000093b  home_LCD                      
00000949  set_line                      
00000961  shift_LCD                     
00000999  write_string                  
000009c1  init_lcd                      
00000a57  command                       
00000a83  write_char                    
00000ab7  toggle_EN                     
00000ad5  output_data                   
00000af7  get_addr                      
00000b7f  set_addr                      
00000b97  read_data                     
00000c4d  init_SPI                      
00000c9f  init_timer                    
00000cc5  TA0_0_IRQHandler              
00000cc5  TA0_0_IRQHandler              
00000ceb  TA0_N_IRQHandler              
00000ceb  TA0_N_IRQHandler              
00000d0f  set_voltage                   
00000d6f  incr_duty_cycle               
00000d89  decr_duty_cycle               
00000dd9  init_keypad                   
00000e0d  get_key                       
00000f0d  __aeabi_memcpy                
00000f0d  __aeabi_memcpy4               
00000f0d  __aeabi_memcpy8               
00000f0d  memcpy                        
00000fa9  set_DCO                       
00001039  __TI_decompress_lzss          
000010a1  __TI_auto_init_nobinit_nopinit
000010e5  delay_us                      
00001129  _c_int00_noargs               
0000115d  main                          
00001183  strlen                        
00001197  __TI_zero_init_nomemset       
000011a9  __TI_decompress_none          
000011b7  Reset_Handler                 
000011c3  ADC14_IRQHandler              
000011c3  AES256_IRQHandler             
000011c3  BusFault_Handler              
000011c3  COMP_E0_IRQHandler            
000011c3  COMP_E1_IRQHandler            
000011c3  CS_IRQHandler                 
000011c3  DMA_ERR_IRQHandler            
000011c3  DMA_INT0_IRQHandler           
000011c3  DMA_INT1_IRQHandler           
000011c3  DMA_INT2_IRQHandler           
000011c3  DMA_INT3_IRQHandler           
000011c3  DebugMon_Handler              
000011c3  Default_Handler               
000011c3  EUSCIA0_IRQHandler            
000011c3  EUSCIA1_IRQHandler            
000011c3  EUSCIA2_IRQHandler            
000011c3  EUSCIA3_IRQHandler            
000011c3  EUSCIB0_IRQHandler            
000011c3  EUSCIB1_IRQHandler            
000011c3  EUSCIB2_IRQHandler            
000011c3  EUSCIB3_IRQHandler            
000011c3  FLCTL_IRQHandler              
000011c3  FPU_IRQHandler                
000011c3  HardFault_Handler             
000011c3  MemManage_Handler             
000011c3  NMI_Handler                   
000011c3  PCM_IRQHandler                
000011c3  PORT1_IRQHandler              
000011c3  PORT2_IRQHandler              
000011c3  PORT3_IRQHandler              
000011c3  PORT4_IRQHandler              
000011c3  PORT5_IRQHandler              
000011c3  PORT6_IRQHandler              
000011c3  PSS_IRQHandler                
000011c3  PendSV_Handler                
000011c3  RTC_C_IRQHandler              
000011c3  SVC_Handler                   
000011c3  SysTick_Handler               
000011c3  T32_INT1_IRQHandler           
000011c3  T32_INT2_IRQHandler           
000011c3  T32_INTC_IRQHandler           
000011c3  TA1_0_IRQHandler              
000011c3  TA1_N_IRQHandler              
000011c3  TA2_0_IRQHandler              
000011c3  TA2_N_IRQHandler              
000011c3  TA3_0_IRQHandler              
000011c3  TA3_N_IRQHandler              
000011c3  UsageFault_Handler            
000011c3  WDT_A_IRQHandler              
000011c5  _system_pre_init              
000011c9  C$$EXIT                       
000011c9  abort                         
000011e4  __TI_Handler_Table_Base       
000011f0  __TI_Handler_Table_Limit      
000011f8  __TI_CINIT_Base               
00001208  __TI_CINIT_Limit              
20000000  current_wf_state              
20000001  current_sq_state              
20000004  current_freq                  
20000008  SystemCoreClock               
2000000c  voltage                       
2000000e  current_event                 
2000000f  next_wf_state                 
2000fe00  __stack                       
20010000  __STACK_END                   
4000480c  WDTCTL_SYM                    
ffffffff  __TI_pprof_out_hndl           
ffffffff  __TI_prof_data_size           
ffffffff  __TI_prof_data_start          
ffffffff  __binit__                     
ffffffff  __c_args__                    
ffffffff  binit                         
UNDEFED   __mpu_init                    
UNDEFED   _system_post_cinit            

[121 symbols]
