******************************************************************************
                  TI ARM Linker Unix v18.12.1                  
******************************************************************************
>> Linked Mon May  6 14:16:50 2019

OUTPUT FILE NAME:   <Project2.out>
ENTRY POINT SYMBOL: "_c_int00_noargs"  address: 00001005


MEMORY CONFIGURATION

         name            origin    length      used     unused   attr    fill
----------------------  --------  ---------  --------  --------  ----  --------
  MAIN                  00000000   00040000  00001130  0003eed0  R  X
  INFO                  00200000   00004000  00000000  00004000  R  X
  SRAM_CODE             01000000   00010000  00000246  0000fdba  RW X
  SRAM_DATA             20000000   00010000  00000246  0000fdba  RW  


SEGMENT ALLOCATION MAP

run origin  load origin   length   init length attrs members
----------  ----------- ---------- ----------- ----- -------
00000000    00000000    00001130   00001130    r-x
  00000000    00000000    000000e4   000000e4    r-- .intvecs
  000000e4    000000e4    00000fc4   00000fc4    r-x .text
  000010a8    000010a8    00000028   00000028    r-- .const
  000010d0    000010d0    00000060   00000060    r-- .cinit
20000000    20000000    00000046   00000000    rw-
  20000000    20000000    00000044   00000000    rw- .data
  20000044    20000044    00000002   00000000    rw- .bss
2000fe00    2000fe00    00000200   00000000    rw-
  2000fe00    2000fe00    00000200   00000000    rw- .stack


SECTION ALLOCATION MAP

 output                                  attributes/
section   page    origin      length       input sections
--------  ----  ----------  ----------   ----------------
.intvecs   0    00000000    000000e4     
                  00000000    000000e4     startup_msp432p401r_ccs.obj (.intvecs:retain)

.text      0    000000e4    00000fc4     
                  000000e4    00000334     system_msp432p401r.obj (.text)
                  00000418    00000320     LCD.obj (.text)
                  00000738    000002c0     func_gen_states.obj (.text)
                  000009f8    000001e4     gen_wave.obj (.text)
                  00000bdc    00000130     keypad.obj (.text)
                  00000d0c    000000dc     func_gen.obj (.text)
                  00000de8    0000009c     rtsv7M4_T_le_v4SPD16_eabi.lib : memcpy_t2.asm.obj (.text)
                  00000e84    00000090     set_dco.obj (.text)
                  00000f14    00000068     rtsv7M4_T_le_v4SPD16_eabi.lib : copy_decompress_lzss.c.obj (.text:decompress:lzss:__TI_decompress_lzss)
                  00000f7c    00000044                                   : autoinit.c.obj (.text:__TI_auto_init_nobinit_nopinit:__TI_auto_init_nobinit_nopinit)
                  00000fc0    00000044     delay.obj (.text)
                  00001004    00000034     rtsv7M4_T_le_v4SPD16_eabi.lib : boot_cortex_m.c.obj (.text:_c_int00_noargs:_c_int00_noargs)
                  00001038    00000026     main.obj (.text)
                  0000105e    00000014     rtsv7M4_T_le_v4SPD16_eabi.lib : strlen.c.obj (.text:strlen)
                  00001072    00000012                                   : copy_zero_init.c.obj (.text:decompress:ZI:__TI_zero_init_nomemset:__TI_zero_init_nomemset)
                  00001084    0000000e                                   : copy_decompress_none.c.obj (.text:decompress:none:__TI_decompress_none)
                  00001092    0000000e     startup_msp432p401r_ccs.obj (.text)
                  000010a0    00000004     rtsv7M4_T_le_v4SPD16_eabi.lib : pre_init.c.obj (.text:_system_pre_init)
                  000010a4    00000004                                   : exit.c.obj (.text:abort:abort)

.const     0    000010a8    00000028     
                  000010a8    00000028     func_gen_states.obj (.const:.string)

.cinit     0    000010d0    00000060     
                  000010d0    00000038     (.cinit..data.load) [load image, compression = lzss]
                  00001108    0000000c     (__TI_handler_table)
                  00001114    00000004     --HOLE-- [fill = 0]
                  00001118    00000008     (.cinit..bss.load) [load image, compression = zero_init]
                  00001120    00000010     (__TI_cinit_table)

.init_array 
*          0    00000000    00000000     UNINITIALIZED

.binit     0    00000000    00000000     

.data      0    20000000    00000044     UNINITIALIZED
                  20000000    00000028     func_gen_states.obj (.data:dutycycleLUT)
                  20000028    0000000c     func_gen_states.obj (.data)
                  20000034    0000000c     gen_wave.obj (.data)
                  20000040    00000004     system_msp432p401r.obj (.data)

.bss       0    20000044    00000002     UNINITIALIZED
                  20000044    00000001     (.common:current_event)
                  20000045    00000001     (.common:next_wf_state)

.stack     0    2000fe00    00000200     UNINITIALIZED
                  2000fe00    00000004     rtsv7M4_T_le_v4SPD16_eabi.lib : boot_cortex_m.c.obj (.stack)
                  2000fe04    000001fc     --HOLE--

MODULE SUMMARY

       Module                        code   ro data   rw data
       ------                        ----   -------   -------
    ./
       func_gen_states.obj           704    40        108    
       system_msp432p401r.obj        820    0         8      
       LCD.obj                       800    0         0      
       gen_wave.obj                  484    0         24     
       keypad.obj                    304    0         0      
       startup_msp432p401r_ccs.obj   14     228       0      
       func_gen.obj                  220    0         0      
       set_dco.obj                   144    0         0      
       delay.obj                     68     0         0      
       main.obj                      38     0         0      
    +--+-----------------------------+------+---------+---------+
       Total:                        3596   268       140    
                                                             
    /Applications/ti/ccs900/ccs/tools/compiler/ti-cgt-arm_18.12.1.LTS/lib/rtsv7M4_T_le_v4SPD16_eabi.lib
       memcpy_t2.asm.obj             156    0         0      
       copy_decompress_lzss.c.obj    104    0         0      
       autoinit.c.obj                68     0         0      
       boot_cortex_m.c.obj           52     0         0      
       strlen.c.obj                  20     0         0      
       copy_zero_init.c.obj          18     0         0      
       copy_decompress_none.c.obj    14     0         0      
       exit.c.obj                    4      0         0      
       pre_init.c.obj                4      0         0      
    +--+-----------------------------+------+---------+---------+
       Total:                        440    0         0      
                                                             
       Stack:                        0      0         1024   
       Linker Generated:             0      92        0      
    +--+-----------------------------+------+---------+---------+
       Grand Total:                  4036   360       1164   


LINKER GENERATED COPY TABLES

__TI_cinit_table @ 00001120 records: 2, size/record: 8, table size: 16
	.data: load addr=000010d0, load size=00000038 bytes, run addr=20000000, run size=00000044 bytes, compression=lzss
	.bss: load addr=00001118, load size=00000008 bytes, run addr=20000044, run size=00000002 bytes, compression=zero_init


LINKER GENERATED HANDLER TABLE

__TI_handler_table @ 00001108 records: 3, size/record: 4, table size: 12
	index: 0, handler: __TI_decompress_lzss
	index: 1, handler: __TI_decompress_none
	index: 2, handler: __TI_zero_init


GLOBAL SYMBOLS: SORTED ALPHABETICALLY BY Name 

address   name                          
-------   ----                          
0000109f  ADC14_IRQHandler              
0000109f  AES256_IRQHandler             
0000109f  BusFault_Handler              
000010a5  C$$EXIT                       
0000109f  COMP_E0_IRQHandler            
0000109f  COMP_E1_IRQHandler            
0000109f  CS_IRQHandler                 
0000109f  DMA_ERR_IRQHandler            
0000109f  DMA_INT0_IRQHandler           
0000109f  DMA_INT1_IRQHandler           
0000109f  DMA_INT2_IRQHandler           
0000109f  DMA_INT3_IRQHandler           
0000109f  DebugMon_Handler              
0000109f  Default_Handler               
0000109f  EUSCIA0_IRQHandler            
0000109f  EUSCIA1_IRQHandler            
0000109f  EUSCIA2_IRQHandler            
0000109f  EUSCIA3_IRQHandler            
0000109f  EUSCIB0_IRQHandler            
0000109f  EUSCIB1_IRQHandler            
0000109f  EUSCIB2_IRQHandler            
0000109f  EUSCIB3_IRQHandler            
0000109f  FLCTL_IRQHandler              
0000109f  FPU_IRQHandler                
0000109f  HardFault_Handler             
0000109f  MemManage_Handler             
0000109f  NMI_Handler                   
0000109f  PCM_IRQHandler                
0000109f  PORT1_IRQHandler              
0000109f  PORT2_IRQHandler              
0000109f  PORT3_IRQHandler              
0000109f  PORT4_IRQHandler              
0000109f  PORT5_IRQHandler              
0000109f  PORT6_IRQHandler              
0000109f  PSS_IRQHandler                
0000109f  PendSV_Handler                
0000109f  RTC_C_IRQHandler              
00001093  Reset_Handler                 
0000109f  SVC_Handler                   
0000109f  SysTick_Handler               
20000040  SystemCoreClock               
000000e5  SystemCoreClockUpdate         
0000035d  SystemInit                    
0000109f  T32_INT1_IRQHandler           
0000109f  T32_INT2_IRQHandler           
0000109f  T32_INTC_IRQHandler           
00000b57  TA0_0_IRQHandler              
00000b57  TA0_0_IRQHandler              
00000b85  TA0_N_IRQHandler              
00000b85  TA0_N_IRQHandler              
0000109f  TA1_0_IRQHandler              
0000109f  TA1_N_IRQHandler              
0000109f  TA2_0_IRQHandler              
0000109f  TA2_N_IRQHandler              
0000109f  TA3_0_IRQHandler              
0000109f  TA3_N_IRQHandler              
0000109f  UsageFault_Handler            
4000480c  WDTCTL_SYM                    
0000109f  WDT_A_IRQHandler              
20010000  __STACK_END                   
00000200  __STACK_SIZE                  
00001120  __TI_CINIT_Base               
00001130  __TI_CINIT_Limit              
00001108  __TI_Handler_Table_Base       
00001114  __TI_Handler_Table_Limit      
00000f7d  __TI_auto_init_nobinit_nopinit
00000f15  __TI_decompress_lzss          
00001085  __TI_decompress_none          
ffffffff  __TI_pprof_out_hndl           
ffffffff  __TI_prof_data_size           
ffffffff  __TI_prof_data_start          
00000000  __TI_static_base__            
00001073  __TI_zero_init_nomemset       
00000de9  __aeabi_memcpy                
00000de9  __aeabi_memcpy4               
00000de9  __aeabi_memcpy8               
ffffffff  __binit__                     
ffffffff  __c_args__                    
UNDEFED   __mpu_init                    
2000fe00  __stack                       
00001005  _c_int00_noargs               
UNDEFED   _system_post_cinit            
000010a1  _system_pre_init              
000010a5  abort                         
ffffffff  binit                         
2000003c  ccr0_rate                     
00000419  clear_LCD                     
00000543  command                       
20000030  current_duty                  
20000044  current_event                 
2000002c  current_freq                  
20000029  current_sq_state              
20000028  current_wf_state              
00000dab  decr_duty_cycle               
00000fc1  delay_us                      
00000739  func_gen_fsm                  
000009f9  gen_wave                      
000005e3  get_addr                      
00000c11  get_key                       
00000427  home_LCD                      
00000d91  incr_duty_cycle               
00000d0d  init_SPI                      
00000bdd  init_keypad                   
000004ad  init_lcd                      
00000d5f  init_timer                    
00000000  interruptVectors              
00001039  main                          
00000de9  memcpy                        
20000045  next_wf_state                 
000005c1  output_data                   
00000683  read_data                     
00000ab9  saw_wave                      
00000809  selection_ISR                 
00000e85  set_DCO                       
0000066b  set_addr                      
00000435  set_line                      
00000af9  set_voltage                   
0000044d  shift_LCD                     
00000a31  square_wave                   
0000105f  strlen                        
000005a3  toggle_EN                     
000008d5  update_display                
0000078b  update_fsm                    
20000034  volt_rate                     
20000038  voltage                       
0000056f  write_char                    
0000093b  write_frequency               
00000485  write_string                  


GLOBAL SYMBOLS: SORTED BY Symbol Address 

address   name                          
-------   ----                          
00000000  __TI_static_base__            
00000000  interruptVectors              
000000e5  SystemCoreClockUpdate         
00000200  __STACK_SIZE                  
0000035d  SystemInit                    
00000419  clear_LCD                     
00000427  home_LCD                      
00000435  set_line                      
0000044d  shift_LCD                     
00000485  write_string                  
000004ad  init_lcd                      
00000543  command                       
0000056f  write_char                    
000005a3  toggle_EN                     
000005c1  output_data                   
000005e3  get_addr                      
0000066b  set_addr                      
00000683  read_data                     
00000739  func_gen_fsm                  
0000078b  update_fsm                    
00000809  selection_ISR                 
000008d5  update_display                
0000093b  write_frequency               
000009f9  gen_wave                      
00000a31  square_wave                   
00000ab9  saw_wave                      
00000af9  set_voltage                   
00000b57  TA0_0_IRQHandler              
00000b57  TA0_0_IRQHandler              
00000b85  TA0_N_IRQHandler              
00000b85  TA0_N_IRQHandler              
00000bdd  init_keypad                   
00000c11  get_key                       
00000d0d  init_SPI                      
00000d5f  init_timer                    
00000d91  incr_duty_cycle               
00000dab  decr_duty_cycle               
00000de9  __aeabi_memcpy                
00000de9  __aeabi_memcpy4               
00000de9  __aeabi_memcpy8               
00000de9  memcpy                        
00000e85  set_DCO                       
00000f15  __TI_decompress_lzss          
00000f7d  __TI_auto_init_nobinit_nopinit
00000fc1  delay_us                      
00001005  _c_int00_noargs               
00001039  main                          
0000105f  strlen                        
00001073  __TI_zero_init_nomemset       
00001085  __TI_decompress_none          
00001093  Reset_Handler                 
0000109f  ADC14_IRQHandler              
0000109f  AES256_IRQHandler             
0000109f  BusFault_Handler              
0000109f  COMP_E0_IRQHandler            
0000109f  COMP_E1_IRQHandler            
0000109f  CS_IRQHandler                 
0000109f  DMA_ERR_IRQHandler            
0000109f  DMA_INT0_IRQHandler           
0000109f  DMA_INT1_IRQHandler           
0000109f  DMA_INT2_IRQHandler           
0000109f  DMA_INT3_IRQHandler           
0000109f  DebugMon_Handler              
0000109f  Default_Handler               
0000109f  EUSCIA0_IRQHandler            
0000109f  EUSCIA1_IRQHandler            
0000109f  EUSCIA2_IRQHandler            
0000109f  EUSCIA3_IRQHandler            
0000109f  EUSCIB0_IRQHandler            
0000109f  EUSCIB1_IRQHandler            
0000109f  EUSCIB2_IRQHandler            
0000109f  EUSCIB3_IRQHandler            
0000109f  FLCTL_IRQHandler              
0000109f  FPU_IRQHandler                
0000109f  HardFault_Handler             
0000109f  MemManage_Handler             
0000109f  NMI_Handler                   
0000109f  PCM_IRQHandler                
0000109f  PORT1_IRQHandler              
0000109f  PORT2_IRQHandler              
0000109f  PORT3_IRQHandler              
0000109f  PORT4_IRQHandler              
0000109f  PORT5_IRQHandler              
0000109f  PORT6_IRQHandler              
0000109f  PSS_IRQHandler                
0000109f  PendSV_Handler                
0000109f  RTC_C_IRQHandler              
0000109f  SVC_Handler                   
0000109f  SysTick_Handler               
0000109f  T32_INT1_IRQHandler           
0000109f  T32_INT2_IRQHandler           
0000109f  T32_INTC_IRQHandler           
0000109f  TA1_0_IRQHandler              
0000109f  TA1_N_IRQHandler              
0000109f  TA2_0_IRQHandler              
0000109f  TA2_N_IRQHandler              
0000109f  TA3_0_IRQHandler              
0000109f  TA3_N_IRQHandler              
0000109f  UsageFault_Handler            
0000109f  WDT_A_IRQHandler              
000010a1  _system_pre_init              
000010a5  C$$EXIT                       
000010a5  abort                         
00001108  __TI_Handler_Table_Base       
00001114  __TI_Handler_Table_Limit      
00001120  __TI_CINIT_Base               
00001130  __TI_CINIT_Limit              
20000028  current_wf_state              
20000029  current_sq_state              
2000002c  current_freq                  
20000030  current_duty                  
20000034  volt_rate                     
20000038  voltage                       
2000003c  ccr0_rate                     
20000040  SystemCoreClock               
20000044  current_event                 
20000045  next_wf_state                 
2000fe00  __stack                       
20010000  __STACK_END                   
4000480c  WDTCTL_SYM                    
ffffffff  __TI_pprof_out_hndl           
ffffffff  __TI_prof_data_size           
ffffffff  __TI_prof_data_start          
ffffffff  __binit__                     
ffffffff  __c_args__                    
ffffffff  binit                         
UNDEFED   __mpu_init                    
UNDEFED   _system_post_cinit            

[128 symbols]
