******************************************************************************
                  TI ARM Linker Unix v18.12.1                  
******************************************************************************
>> Linked Sun May 19 22:15:31 2019

OUTPUT FILE NAME:   <Project2.out>
ENTRY POINT SYMBOL: "_c_int00_noargs"  address: 0000278d


MEMORY CONFIGURATION

         name            origin    length      used     unused   attr    fill
----------------------  --------  ---------  --------  --------  ----  --------
  MAIN                  00000000   00040000  00002a5c  0003d5a4  R  X
  INFO                  00200000   00004000  00000000  00004000  R  X
  SRAM_CODE             01000000   00010000  00000a2a  0000f5d6  RW X
  SRAM_DATA             20000000   00010000  00000a2a  0000f5d6  RW  


SEGMENT ALLOCATION MAP

run origin  load origin   length   init length attrs members
----------  ----------- ---------- ----------- ----- -------
00000000    00000000    00002a60   00002a60    r-x
  00000000    00000000    000000e4   000000e4    r-- .intvecs
  000000e4    000000e4    00002798   00002798    r-x .text
  00002880    00002880    00000180   00000180    r-- .const
  00002a00    00002a00    00000060   00000060    r-- .cinit
20000000    20000000    0000082c   00000000    rw-
  20000000    20000000    000007d2   00000000    rw- .bss
  200007d4    200007d4    00000058   00000000    rw- .data
2000fe00    2000fe00    00000200   00000000    rw-
  2000fe00    2000fe00    00000200   00000000    rw- .stack


SECTION ALLOCATION MAP

 output                                  attributes/
section   page    origin      length       input sections
--------  ----  ----------  ----------   ----------------
.intvecs   0    00000000    000000e4     
                  00000000    000000e4     startup_msp432p401r_ccs.obj (.intvecs:retain)

.text      0    000000e4    00002798     
                  000000e4    00000738     rtsv7M4_T_le_v4SPD16_eabi.lib : k_rem_pio2.c.obj (.text:__kernel_rem_pio2)
                  0000081c    000005c4                                   : s_sin.c.obj (.text:sin)
                  00000de0    00000334     system_msp432p401r.obj (.text)
                  00001114    00000320     LCD.obj (.text)
                  00001434    000002cc     func_gen_states.obj (.text)
                  00001700    000002c4     gen_wave.obj (.text)
                  000019c4    000001b6     rtsv7M4_T_le_v4SPD16_eabi.lib : fd_add_t2.asm.obj (.text)
                  00001b7a    00000002     --HOLE-- [fill = 0]
                  00001b7c    00000174                                   : k_sin.c.obj (.text:__kernel_sin)
                  00001cf0    0000016c                                   : k_cos.c.obj (.text:__kernel_cos)
                  00001e5c    00000130     keypad.obj (.text)
                  00001f8c    00000110     dac.obj (.text)
                  0000209c    00000110     rtsv7M4_T_le_v4SPD16_eabi.lib : s_scalbn.c.obj (.text:scalbn)
                  000021ac    000000fc                                   : fd_mul_t2.asm.obj (.text)
                  000022a8    000000f8                                   : s_floor.c.obj (.text:floor)
                  000023a0    0000009c                                   : memcpy_t2.asm.obj (.text)
                  0000243c    00000090     set_dco.obj (.text)
                  000024cc    00000086     rtsv7M4_T_le_v4SPD16_eabi.lib : fd_cmp_t2.asm.obj (.text:__aeabi_cdcmple)
                  00002552    00000086                                   : fd_cmp_t2.asm.obj (.text:__aeabi_cdrcmple)
                  000025d8    0000007a                                   : memset_t2.asm.obj (.text)
                  00002652    00000068                                   : copy_decompress_lzss.c.obj (.text:decompress:lzss:__TI_decompress_lzss)
                  000026ba    00000048                                   : fd_toi_t2.asm.obj (.text)
                  00002702    00000002     --HOLE-- [fill = 0]
                  00002704    00000044                                   : autoinit.c.obj (.text:__TI_auto_init_nobinit_nopinit:__TI_auto_init_nobinit_nopinit)
                  00002748    00000044     delay.obj (.text)
                  0000278c    00000034     rtsv7M4_T_le_v4SPD16_eabi.lib : boot_cortex_m.c.obj (.text:_c_int00_noargs:_c_int00_noargs)
                  000027c0    0000002e                                   : i_tofd_t2.asm.obj (.text)
                  000027ee    00000028     main.obj (.text)
                  00002816    0000001a     rtsv7M4_T_le_v4SPD16_eabi.lib : s_copysign.c.obj (.text:copysign)
                  00002830    00000014                                   : strlen.c.obj (.text:strlen)
                  00002844    0000000e                                   : copy_decompress_none.c.obj (.text:decompress:none:__TI_decompress_none)
                  00002852    0000000e     startup_msp432p401r_ccs.obj (.text)
                  00002860    0000000c     rtsv7M4_T_le_v4SPD16_eabi.lib : copy_zero_init.c.obj (.text:decompress:ZI:__TI_zero_init)
                  0000286c    00000008                                   : errno.c.obj (.text:__aeabi_errno_addr)
                  00002874    00000004                                   : pre_init.c.obj (.text:_system_pre_init)
                  00002878    00000004                                   : exit.c.obj (.text:abort:abort)

.const     0    00002880    00000180     
                  00002880    00000158     rtsv7M4_T_le_v4SPD16_eabi.lib : k_rem_pio2.c.obj (.const:$O1$$)
                  000029d8    00000028     func_gen_states.obj (.const:.string)

.cinit     0    00002a00    00000060     
                  00002a00    00000038     (.cinit..data.load) [load image, compression = lzss]
                  00002a38    0000000c     (__TI_handler_table)
                  00002a44    00000004     --HOLE-- [fill = 0]
                  00002a48    00000008     (.cinit..bss.load) [load image, compression = zero_init]
                  00002a50    00000010     (__TI_cinit_table)

.init_array 
*          0    00000000    00000000     UNINITIALIZED

.binit     0    00000000    00000000     

.bss       0    20000000    000007d2     UNINITIALIZED
                  20000000    000007d0     (.common:sine_LUT)
                  200007d0    00000001     (.common:current_event)
                  200007d1    00000001     (.common:next_wf_state)

.data      0    200007d4    00000058     UNINITIALIZED
                  200007d4    00000028     func_gen_states.obj (.data:dutycycleLUT)
                  200007fc    0000001c     gen_wave.obj (.data)
                  20000818    0000000c     func_gen_states.obj (.data)
                  20000824    00000004     rtsv7M4_T_le_v4SPD16_eabi.lib : errno.c.obj (.data)
                  20000828    00000004     system_msp432p401r.obj (.data)

.stack     0    2000fe00    00000200     UNINITIALIZED
                  2000fe00    00000004     rtsv7M4_T_le_v4SPD16_eabi.lib : boot_cortex_m.c.obj (.stack)
                  2000fe04    000001fc     --HOLE--

MODULE SUMMARY

       Module                        code    ro data   rw data
       ------                        ----    -------   -------
    ./
       gen_wave.obj                  708     0         4056   
       func_gen_states.obj           716     40        108    
       system_msp432p401r.obj        820     0         8      
       LCD.obj                       800     0         0      
       keypad.obj                    304     0         0      
       dac.obj                       272     0         0      
       startup_msp432p401r_ccs.obj   14      228       0      
       set_dco.obj                   144     0         0      
       delay.obj                     68      0         0      
       main.obj                      40      0         0      
    +--+-----------------------------+-------+---------+---------+
       Total:                        3886    268       4172   
                                                              
    /Applications/ti/ccs900/ccs/tools/compiler/ti-cgt-arm_18.12.1.LTS/lib/rtsv7M4_T_le_v4SPD16_eabi.lib
       k_rem_pio2.c.obj              1848    344       0      
       s_sin.c.obj                   1476    0         0      
       fd_add_t2.asm.obj             438     0         0      
       k_sin.c.obj                   372     0         0      
       k_cos.c.obj                   364     0         0      
       s_scalbn.c.obj                272     0         0      
       fd_cmp_t2.asm.obj             268     0         0      
       fd_mul_t2.asm.obj             252     0         0      
       s_floor.c.obj                 248     0         0      
       memcpy_t2.asm.obj             156     0         0      
       memset_t2.asm.obj             122     0         0      
       copy_decompress_lzss.c.obj    104     0         0      
       fd_toi_t2.asm.obj             72      0         0      
       autoinit.c.obj                68      0         0      
       boot_cortex_m.c.obj           52      0         0      
       i_tofd_t2.asm.obj             46      0         0      
       s_copysign.c.obj              26      0         0      
       strlen.c.obj                  20      0         0      
       errno.c.obj                   8       0         8      
       copy_decompress_none.c.obj    14      0         0      
       copy_zero_init.c.obj          12      0         0      
       exit.c.obj                    4       0         0      
       pre_init.c.obj                4       0         0      
    +--+-----------------------------+-------+---------+---------+
       Total:                        6246    344       8      
                                                              
       Stack:                        0       0         1024   
       Linker Generated:             0       92        0      
    +--+-----------------------------+-------+---------+---------+
       Grand Total:                  10132   704       5204   


LINKER GENERATED COPY TABLES

__TI_cinit_table @ 00002a50 records: 2, size/record: 8, table size: 16
	.data: load addr=00002a00, load size=00000038 bytes, run addr=200007d4, run size=00000058 bytes, compression=lzss
	.bss: load addr=00002a48, load size=00000008 bytes, run addr=20000000, run size=000007d2 bytes, compression=zero_init


LINKER GENERATED HANDLER TABLE

__TI_handler_table @ 00002a38 records: 3, size/record: 4, table size: 12
	index: 0, handler: __TI_decompress_lzss
	index: 1, handler: __TI_decompress_none
	index: 2, handler: __TI_zero_init


GLOBAL SYMBOLS: SORTED ALPHABETICALLY BY Name 

address   name                          
-------   ----                          
0000285f  ADC14_IRQHandler              
0000285f  AES256_IRQHandler             
0000285f  BusFault_Handler              
00002879  C$$EXIT                       
0000285f  COMP_E0_IRQHandler            
0000285f  COMP_E1_IRQHandler            
0000285f  CS_IRQHandler                 
0000285f  DMA_ERR_IRQHandler            
0000285f  DMA_INT0_IRQHandler           
0000285f  DMA_INT1_IRQHandler           
0000285f  DMA_INT2_IRQHandler           
0000285f  DMA_INT3_IRQHandler           
0000285f  DebugMon_Handler              
0000285f  Default_Handler               
0000285f  EUSCIA0_IRQHandler            
0000285f  EUSCIA1_IRQHandler            
0000285f  EUSCIA2_IRQHandler            
0000285f  EUSCIA3_IRQHandler            
0000285f  EUSCIB0_IRQHandler            
0000285f  EUSCIB1_IRQHandler            
0000285f  EUSCIB2_IRQHandler            
0000285f  EUSCIB3_IRQHandler            
0000285f  FLCTL_IRQHandler              
0000285f  FPU_IRQHandler                
0000285f  HardFault_Handler             
0000285f  MemManage_Handler             
0000285f  NMI_Handler                   
0000285f  PCM_IRQHandler                
0000285f  PORT1_IRQHandler              
0000285f  PORT2_IRQHandler              
0000285f  PORT3_IRQHandler              
0000285f  PORT4_IRQHandler              
0000285f  PORT5_IRQHandler              
0000285f  PORT6_IRQHandler              
0000285f  PSS_IRQHandler                
0000285f  PendSV_Handler                
0000285f  RTC_C_IRQHandler              
00002853  Reset_Handler                 
0000285f  SVC_Handler                   
0000285f  SysTick_Handler               
20000828  SystemCoreClock               
00000de1  SystemCoreClockUpdate         
00001059  SystemInit                    
0000285f  T32_INT1_IRQHandler           
0000285f  T32_INT2_IRQHandler           
0000285f  T32_INTC_IRQHandler           
000018bb  TA0_0_IRQHandler              
000018bb  TA0_0_IRQHandler              
00001927  TA0_N_IRQHandler              
00001927  TA0_N_IRQHandler              
0000285f  TA1_0_IRQHandler              
0000285f  TA1_N_IRQHandler              
0000285f  TA2_0_IRQHandler              
0000285f  TA2_N_IRQHandler              
0000285f  TA3_0_IRQHandler              
0000285f  TA3_N_IRQHandler              
0000285f  UsageFault_Handler            
4000480c  WDTCTL_SYM                    
0000285f  WDT_A_IRQHandler              
20010000  __STACK_END                   
00000200  __STACK_SIZE                  
00002a50  __TI_CINIT_Base               
00002a60  __TI_CINIT_Limit              
00002a38  __TI_Handler_Table_Base       
00002a44  __TI_Handler_Table_Limit      
00002705  __TI_auto_init_nobinit_nopinit
00002653  __TI_decompress_lzss          
00002845  __TI_decompress_none          
ffffffff  __TI_pprof_out_hndl           
ffffffff  __TI_prof_data_size           
ffffffff  __TI_prof_data_start          
00000000  __TI_static_base__            
00002861  __TI_zero_init                
000024cd  __aeabi_cdcmpeq               
000024cd  __aeabi_cdcmple               
00002553  __aeabi_cdrcmple              
000026bb  __aeabi_d2iz                  
000019cf  __aeabi_dadd                  
000021ad  __aeabi_dmul                  
000019c5  __aeabi_dsub                  
0000286d  __aeabi_errno_addr            
000027c1  __aeabi_i2d                   
000025d9  __aeabi_memclr                
000025d9  __aeabi_memclr4               
000025d9  __aeabi_memclr8               
000023a1  __aeabi_memcpy                
000023a1  __aeabi_memcpy4               
000023a1  __aeabi_memcpy8               
000025db  __aeabi_memset                
000025db  __aeabi_memset4               
000025db  __aeabi_memset8               
ffffffff  __binit__                     
ffffffff  __c_args__                    
00001cf1  __kernel_cos                  
000000e5  __kernel_rem_pio2             
00001b7d  __kernel_sin                  
UNDEFED   __mpu_init                    
2000fe00  __stack                       
0000278d  _c_int00_noargs               
UNDEFED   _system_post_cinit            
00002875  _system_pre_init              
00002879  abort                         
ffffffff  binit                         
00001115  clear_LCD                     
0000123f  command                       
00002817  copysign                      
00002817  copysignl                     
20000820  current_duty                  
200007d0  current_event                 
2000081c  current_freq                  
20000819  current_sq_state              
20000818  current_wf_state              
200007fc  dac_val                       
00002749  delay_us                      
20000824  errno                         
000022a9  floor                         
000022a9  floorl                        
00001435  func_gen_fsm                  
000012df  get_addr                      
00001e91  get_key                       
00001123  home_LCD                      
20000810  index                         
20000814  index_factor                  
00001f8d  init_SPI                      
00001e5d  init_keypad                   
000011a9  init_lcd                      
00001701  init_sine                     
00001fd9  init_timer                    
00000000  interruptVectors              
0000209d  ldexp                         
0000209d  ldexpl                        
000027ef  main                          
000023a1  memcpy                        
000025e1  memset                        
200007d1  next_wf_state                 
000012bd  output_data                   
20000808  period                        
0000137f  read_data                     
000017fd  saw_wave                      
0000209d  scalbn                        
0000209d  scalbnl                       
00001511  selection_ISR                 
0000243d  set_DCO                       
00001367  set_addr                      
00001131  set_line                      
00002015  set_voltage                   
00001149  shift_LCD                     
0000081d  sin                           
20000000  sine_LUT                      
2000080c  sine_enable                   
00001845  sine_wave                     
0000081d  sinl                          
00001755  square_wave                   
00002831  strlen                        
0000129f  toggle_EN                     
000015dd  update_display                
00001487  update_fsm                    
20000804  update_rate                   
20000800  voltage                       
0000126b  write_char                    
00001643  write_frequency               
00001181  write_string                  


GLOBAL SYMBOLS: SORTED BY Symbol Address 

address   name                          
-------   ----                          
00000000  __TI_static_base__            
00000000  interruptVectors              
000000e5  __kernel_rem_pio2             
00000200  __STACK_SIZE                  
0000081d  sin                           
0000081d  sinl                          
00000de1  SystemCoreClockUpdate         
00001059  SystemInit                    
00001115  clear_LCD                     
00001123  home_LCD                      
00001131  set_line                      
00001149  shift_LCD                     
00001181  write_string                  
000011a9  init_lcd                      
0000123f  command                       
0000126b  write_char                    
0000129f  toggle_EN                     
000012bd  output_data                   
000012df  get_addr                      
00001367  set_addr                      
0000137f  read_data                     
00001435  func_gen_fsm                  
00001487  update_fsm                    
00001511  selection_ISR                 
000015dd  update_display                
00001643  write_frequency               
00001701  init_sine                     
00001755  square_wave                   
000017fd  saw_wave                      
00001845  sine_wave                     
000018bb  TA0_0_IRQHandler              
000018bb  TA0_0_IRQHandler              
00001927  TA0_N_IRQHandler              
00001927  TA0_N_IRQHandler              
000019c5  __aeabi_dsub                  
000019cf  __aeabi_dadd                  
00001b7d  __kernel_sin                  
00001cf1  __kernel_cos                  
00001e5d  init_keypad                   
00001e91  get_key                       
00001f8d  init_SPI                      
00001fd9  init_timer                    
00002015  set_voltage                   
0000209d  ldexp                         
0000209d  ldexpl                        
0000209d  scalbn                        
0000209d  scalbnl                       
000021ad  __aeabi_dmul                  
000022a9  floor                         
000022a9  floorl                        
000023a1  __aeabi_memcpy                
000023a1  __aeabi_memcpy4               
000023a1  __aeabi_memcpy8               
000023a1  memcpy                        
0000243d  set_DCO                       
000024cd  __aeabi_cdcmpeq               
000024cd  __aeabi_cdcmple               
00002553  __aeabi_cdrcmple              
000025d9  __aeabi_memclr                
000025d9  __aeabi_memclr4               
000025d9  __aeabi_memclr8               
000025db  __aeabi_memset                
000025db  __aeabi_memset4               
000025db  __aeabi_memset8               
000025e1  memset                        
00002653  __TI_decompress_lzss          
000026bb  __aeabi_d2iz                  
00002705  __TI_auto_init_nobinit_nopinit
00002749  delay_us                      
0000278d  _c_int00_noargs               
000027c1  __aeabi_i2d                   
000027ef  main                          
00002817  copysign                      
00002817  copysignl                     
00002831  strlen                        
00002845  __TI_decompress_none          
00002853  Reset_Handler                 
0000285f  ADC14_IRQHandler              
0000285f  AES256_IRQHandler             
0000285f  BusFault_Handler              
0000285f  COMP_E0_IRQHandler            
0000285f  COMP_E1_IRQHandler            
0000285f  CS_IRQHandler                 
0000285f  DMA_ERR_IRQHandler            
0000285f  DMA_INT0_IRQHandler           
0000285f  DMA_INT1_IRQHandler           
0000285f  DMA_INT2_IRQHandler           
0000285f  DMA_INT3_IRQHandler           
0000285f  DebugMon_Handler              
0000285f  Default_Handler               
0000285f  EUSCIA0_IRQHandler            
0000285f  EUSCIA1_IRQHandler            
0000285f  EUSCIA2_IRQHandler            
0000285f  EUSCIA3_IRQHandler            
0000285f  EUSCIB0_IRQHandler            
0000285f  EUSCIB1_IRQHandler            
0000285f  EUSCIB2_IRQHandler            
0000285f  EUSCIB3_IRQHandler            
0000285f  FLCTL_IRQHandler              
0000285f  FPU_IRQHandler                
0000285f  HardFault_Handler             
0000285f  MemManage_Handler             
0000285f  NMI_Handler                   
0000285f  PCM_IRQHandler                
0000285f  PORT1_IRQHandler              
0000285f  PORT2_IRQHandler              
0000285f  PORT3_IRQHandler              
0000285f  PORT4_IRQHandler              
0000285f  PORT5_IRQHandler              
0000285f  PORT6_IRQHandler              
0000285f  PSS_IRQHandler                
0000285f  PendSV_Handler                
0000285f  RTC_C_IRQHandler              
0000285f  SVC_Handler                   
0000285f  SysTick_Handler               
0000285f  T32_INT1_IRQHandler           
0000285f  T32_INT2_IRQHandler           
0000285f  T32_INTC_IRQHandler           
0000285f  TA1_0_IRQHandler              
0000285f  TA1_N_IRQHandler              
0000285f  TA2_0_IRQHandler              
0000285f  TA2_N_IRQHandler              
0000285f  TA3_0_IRQHandler              
0000285f  TA3_N_IRQHandler              
0000285f  UsageFault_Handler            
0000285f  WDT_A_IRQHandler              
00002861  __TI_zero_init                
0000286d  __aeabi_errno_addr            
00002875  _system_pre_init              
00002879  C$$EXIT                       
00002879  abort                         
00002a38  __TI_Handler_Table_Base       
00002a44  __TI_Handler_Table_Limit      
00002a50  __TI_CINIT_Base               
00002a60  __TI_CINIT_Limit              
20000000  sine_LUT                      
200007d0  current_event                 
200007d1  next_wf_state                 
200007fc  dac_val                       
20000800  voltage                       
20000804  update_rate                   
20000808  period                        
2000080c  sine_enable                   
20000810  index                         
20000814  index_factor                  
20000818  current_wf_state              
20000819  current_sq_state              
2000081c  current_freq                  
20000820  current_duty                  
20000824  errno                         
20000828  SystemCoreClock               
2000fe00  __stack                       
20010000  __STACK_END                   
4000480c  WDTCTL_SYM                    
ffffffff  __TI_pprof_out_hndl           
ffffffff  __TI_prof_data_size           
ffffffff  __TI_prof_data_start          
ffffffff  __binit__                     
ffffffff  __c_args__                    
ffffffff  binit                         
UNDEFED   __mpu_init                    
UNDEFED   _system_post_cinit            

[162 symbols]
