******************************************************************************
                  TI ARM Linker Unix v18.12.1                  
******************************************************************************
>> Linked Mon May 13 20:32:27 2019

OUTPUT FILE NAME:   <Assignment9.out>
ENTRY POINT SYMBOL: "_c_int00_noargs"  address: 00000c81


MEMORY CONFIGURATION

         name            origin    length      used     unused   attr    fill
----------------------  --------  ---------  --------  --------  ----  --------
  MAIN                  00000000   00040000  00000d3d  0003f2c3  R  X
  INFO                  00200000   00004000  00000000  00004000  R  X
  SRAM_CODE             01000000   00010000  00000214  0000fdec  RW X
  SRAM_DATA             20000000   00010000  00000214  0000fdec  RW  


SEGMENT ALLOCATION MAP

run origin  load origin   length   init length attrs members
----------  ----------- ---------- ----------- ----- -------
00000000    00000000    00000d44   00000d44    r-x
  00000000    00000000    000000e4   000000e4    r-- .intvecs
  000000e4    000000e4    00000c36   00000c36    r-x .text
  00000d1a    00000d1a    00000007   00000007    r-- .const
  00000d28    00000d28    0000001c   0000001c    r-- .cinit
20000000    20000000    00000014   00000000    rw-
  20000000    20000000    00000014   00000000    rw- .data
2000fe00    2000fe00    00000200   00000000    rw-
  2000fe00    2000fe00    00000200   00000000    rw- .stack


SECTION ALLOCATION MAP

 output                                  attributes/
section   page    origin      length       input sections
--------  ----  ----------  ----------   ----------------
.intvecs   0    00000000    000000e4     
                  00000000    000000e4     startup_msp432p401r_ccs.obj (.intvecs:retain)

.text      0    000000e4    00000c36     
                  000000e4    00000334     system_msp432p401r.obj (.text)
                  00000418    000001b6     rtsv7M4_T_le_v4SPD16_eabi.lib : fd_add_t2.asm.obj (.text)
                  000005ce    00000002     --HOLE-- [fill = 0]
                  000005d0    00000188     main.obj (.text)
                  00000758    00000170     uart.obj (.text)
                  000008c8    000000fc     rtsv7M4_T_le_v4SPD16_eabi.lib : fd_mul_t2.asm.obj (.text)
                  000009c4    0000009c                                   : memcpy_t2.asm.obj (.text)
                  00000a60    00000090     set_dco.obj (.text)
                  00000af0    00000074     adc.obj (.text)
                  00000b64    0000006e     rtsv7M4_T_le_v4SPD16_eabi.lib : fd_tos_t2.asm.obj (.text)
                  00000bd2    00000068                                   : copy_decompress_lzss.c.obj (.text:decompress:lzss:__TI_decompress_lzss)
                  00000c3a    00000002     --HOLE-- [fill = 0]
                  00000c3c    00000044                                   : autoinit.c.obj (.text:__TI_auto_init_nobinit_nopinit:__TI_auto_init_nobinit_nopinit)
                  00000c80    00000034                                   : boot_cortex_m.c.obj (.text:_c_int00_noargs:_c_int00_noargs)
                  00000cb4    0000002e                                   : i_tofd_t2.asm.obj (.text)
                  00000ce2    00000014                                   : strlen.c.obj (.text:strlen)
                  00000cf6    0000000e                                   : copy_decompress_none.c.obj (.text:decompress:none:__TI_decompress_none)
                  00000d04    0000000e     startup_msp432p401r_ccs.obj (.text)
                  00000d12    00000004     rtsv7M4_T_le_v4SPD16_eabi.lib : pre_init.c.obj (.text:_system_pre_init)
                  00000d16    00000004                                   : exit.c.obj (.text:abort:abort)

.const     0    00000d1a    00000007     
                  00000d1a    00000007     main.obj (.const:.string:$P$T0$1)

.cinit     0    00000d28    0000001c     
                  00000d28    0000000b     (.cinit..data.load) [load image, compression = lzss]
                  00000d33    00000001     --HOLE-- [fill = 0]
                  00000d34    00000008     (__TI_handler_table)
                  00000d3c    00000008     (__TI_cinit_table)

.init_array 
*          0    00000000    00000000     UNINITIALIZED

.binit     0    00000000    00000000     

.data      0    20000000    00000014     UNINITIALIZED
                  20000000    00000008     main.obj (.data)
                  20000008    00000008     uart.obj (.data)
                  20000010    00000004     system_msp432p401r.obj (.data)

.stack     0    2000fe00    00000200     UNINITIALIZED
                  2000fe00    00000004     rtsv7M4_T_le_v4SPD16_eabi.lib : boot_cortex_m.c.obj (.stack)
                  2000fe04    000001fc     --HOLE--

MODULE SUMMARY

       Module                        code   ro data   rw data
       ------                        ----   -------   -------
    ./
       system_msp432p401r.obj        820    0         8      
       main.obj                      392    7         16     
       uart.obj                      368    0         16     
       startup_msp432p401r_ccs.obj   14     228       0      
       set_dco.obj                   144    0         0      
       adc.obj                       116    0         0      
    +--+-----------------------------+------+---------+---------+
       Total:                        1854   235       40     
                                                             
    /Applications/ti/ccs900/ccs/tools/compiler/ti-cgt-arm_18.12.1.LTS/lib/rtsv7M4_T_le_v4SPD16_eabi.lib
       fd_add_t2.asm.obj             438    0         0      
       fd_mul_t2.asm.obj             252    0         0      
       memcpy_t2.asm.obj             156    0         0      
       fd_tos_t2.asm.obj             110    0         0      
       copy_decompress_lzss.c.obj    104    0         0      
       autoinit.c.obj                68     0         0      
       boot_cortex_m.c.obj           52     0         0      
       i_tofd_t2.asm.obj             46     0         0      
       strlen.c.obj                  20     0         0      
       copy_decompress_none.c.obj    14     0         0      
       exit.c.obj                    4      0         0      
       pre_init.c.obj                4      0         0      
    +--+-----------------------------+------+---------+---------+
       Total:                        1268   0         0      
                                                             
       Stack:                        0      0         1024   
       Linker Generated:             0      27        0      
    +--+-----------------------------+------+---------+---------+
       Grand Total:                  3122   262       1064   


LINKER GENERATED COPY TABLES

__TI_cinit_table @ 00000d3c records: 1, size/record: 8, table size: 8
	.data: load addr=00000d28, load size=0000000b bytes, run addr=20000000, run size=00000014 bytes, compression=lzss


LINKER GENERATED HANDLER TABLE

__TI_handler_table @ 00000d34 records: 2, size/record: 4, table size: 8
	index: 0, handler: __TI_decompress_lzss
	index: 1, handler: __TI_decompress_none


GLOBAL SYMBOLS: SORTED ALPHABETICALLY BY Name 

address   name                          
-------   ----                          
0000063b  ADC14_IRQHandler              
0000063b  ADC14_IRQHandler              
00000d11  AES256_IRQHandler             
00000d11  BusFault_Handler              
00000d17  C$$EXIT                       
00000d11  COMP_E0_IRQHandler            
00000d11  COMP_E1_IRQHandler            
00000d11  CS_IRQHandler                 
00000d11  DMA_ERR_IRQHandler            
00000d11  DMA_INT0_IRQHandler           
00000d11  DMA_INT1_IRQHandler           
00000d11  DMA_INT2_IRQHandler           
00000d11  DMA_INT3_IRQHandler           
00000d11  DebugMon_Handler              
00000d11  Default_Handler               
00000839  EUSCIA0_IRQHandler            
00000839  EUSCIA0_IRQHandler            
00000d11  EUSCIA1_IRQHandler            
00000d11  EUSCIA2_IRQHandler            
00000d11  EUSCIA3_IRQHandler            
00000d11  EUSCIB0_IRQHandler            
00000d11  EUSCIB1_IRQHandler            
00000d11  EUSCIB2_IRQHandler            
00000d11  EUSCIB3_IRQHandler            
00000d11  FLCTL_IRQHandler              
00000d11  FPU_IRQHandler                
00000d11  HardFault_Handler             
00000d11  MemManage_Handler             
00000d11  NMI_Handler                   
00000d11  PCM_IRQHandler                
00000d11  PORT1_IRQHandler              
00000d11  PORT2_IRQHandler              
00000d11  PORT3_IRQHandler              
00000d11  PORT4_IRQHandler              
00000d11  PORT5_IRQHandler              
00000d11  PORT6_IRQHandler              
00000d11  PSS_IRQHandler                
00000d11  PendSV_Handler                
00000d11  RTC_C_IRQHandler              
00000d05  Reset_Handler                 
00000d11  SVC_Handler                   
00000d11  SysTick_Handler               
20000010  SystemCoreClock               
000000e5  SystemCoreClockUpdate         
0000035d  SystemInit                    
00000d11  T32_INT1_IRQHandler           
00000d11  T32_INT2_IRQHandler           
00000d11  T32_INTC_IRQHandler           
00000d11  TA0_0_IRQHandler              
00000d11  TA0_N_IRQHandler              
00000d11  TA1_0_IRQHandler              
00000d11  TA1_N_IRQHandler              
00000d11  TA2_0_IRQHandler              
00000d11  TA2_N_IRQHandler              
00000d11  TA3_0_IRQHandler              
00000d11  TA3_N_IRQHandler              
00000d11  UsageFault_Handler            
4000480c  WDTCTL_SYM                    
00000d11  WDT_A_IRQHandler              
20010000  __STACK_END                   
00000200  __STACK_SIZE                  
00000d3c  __TI_CINIT_Base               
00000d44  __TI_CINIT_Limit              
00000d34  __TI_Handler_Table_Base       
00000d3c  __TI_Handler_Table_Limit      
00000c3d  __TI_auto_init_nobinit_nopinit
00000bd3  __TI_decompress_lzss          
00000cf7  __TI_decompress_none          
ffffffff  __TI_pprof_out_hndl           
ffffffff  __TI_prof_data_size           
ffffffff  __TI_prof_data_start          
00000000  __TI_static_base__            
00000b65  __aeabi_d2f                   
00000423  __aeabi_dadd                  
000008c9  __aeabi_dmul                  
00000419  __aeabi_dsub                  
00000cb5  __aeabi_i2d                   
000009c5  __aeabi_memcpy                
000009c5  __aeabi_memcpy4               
000009c5  __aeabi_memcpy8               
ffffffff  __binit__                     
ffffffff  __c_args__                    
UNDEFED   __mpu_init                    
2000fe00  __stack                       
00000c81  _c_int00_noargs               
UNDEFED   _system_post_cinit            
00000d13  _system_pre_init              
00000d17  abort                         
20000004  analogValue                   
ffffffff  binit                         
00000817  check_flag                    
000007ff  esc_seq                       
20000000  flag                          
0000081d  get_voltage                   
00000af1  init_ADC                      
00000759  init_UART                     
00000000  interruptVectors              
000005d1  main                          
000009c5  memcpy                        
000007af  print_char                    
000007cb  print_string                  
00000a61  set_DCO                       
0000064b  str_voltage                   
00000ce3  strlen                        


GLOBAL SYMBOLS: SORTED BY Symbol Address 

address   name                          
-------   ----                          
00000000  __TI_static_base__            
00000000  interruptVectors              
000000e5  SystemCoreClockUpdate         
00000200  __STACK_SIZE                  
0000035d  SystemInit                    
00000419  __aeabi_dsub                  
00000423  __aeabi_dadd                  
000005d1  main                          
0000063b  ADC14_IRQHandler              
0000063b  ADC14_IRQHandler              
0000064b  str_voltage                   
00000759  init_UART                     
000007af  print_char                    
000007cb  print_string                  
000007ff  esc_seq                       
00000817  check_flag                    
0000081d  get_voltage                   
00000839  EUSCIA0_IRQHandler            
00000839  EUSCIA0_IRQHandler            
000008c9  __aeabi_dmul                  
000009c5  __aeabi_memcpy                
000009c5  __aeabi_memcpy4               
000009c5  __aeabi_memcpy8               
000009c5  memcpy                        
00000a61  set_DCO                       
00000af1  init_ADC                      
00000b65  __aeabi_d2f                   
00000bd3  __TI_decompress_lzss          
00000c3d  __TI_auto_init_nobinit_nopinit
00000c81  _c_int00_noargs               
00000cb5  __aeabi_i2d                   
00000ce3  strlen                        
00000cf7  __TI_decompress_none          
00000d05  Reset_Handler                 
00000d11  AES256_IRQHandler             
00000d11  BusFault_Handler              
00000d11  COMP_E0_IRQHandler            
00000d11  COMP_E1_IRQHandler            
00000d11  CS_IRQHandler                 
00000d11  DMA_ERR_IRQHandler            
00000d11  DMA_INT0_IRQHandler           
00000d11  DMA_INT1_IRQHandler           
00000d11  DMA_INT2_IRQHandler           
00000d11  DMA_INT3_IRQHandler           
00000d11  DebugMon_Handler              
00000d11  Default_Handler               
00000d11  EUSCIA1_IRQHandler            
00000d11  EUSCIA2_IRQHandler            
00000d11  EUSCIA3_IRQHandler            
00000d11  EUSCIB0_IRQHandler            
00000d11  EUSCIB1_IRQHandler            
00000d11  EUSCIB2_IRQHandler            
00000d11  EUSCIB3_IRQHandler            
00000d11  FLCTL_IRQHandler              
00000d11  FPU_IRQHandler                
00000d11  HardFault_Handler             
00000d11  MemManage_Handler             
00000d11  NMI_Handler                   
00000d11  PCM_IRQHandler                
00000d11  PORT1_IRQHandler              
00000d11  PORT2_IRQHandler              
00000d11  PORT3_IRQHandler              
00000d11  PORT4_IRQHandler              
00000d11  PORT5_IRQHandler              
00000d11  PORT6_IRQHandler              
00000d11  PSS_IRQHandler                
00000d11  PendSV_Handler                
00000d11  RTC_C_IRQHandler              
00000d11  SVC_Handler                   
00000d11  SysTick_Handler               
00000d11  T32_INT1_IRQHandler           
00000d11  T32_INT2_IRQHandler           
00000d11  T32_INTC_IRQHandler           
00000d11  TA0_0_IRQHandler              
00000d11  TA0_N_IRQHandler              
00000d11  TA1_0_IRQHandler              
00000d11  TA1_N_IRQHandler              
00000d11  TA2_0_IRQHandler              
00000d11  TA2_N_IRQHandler              
00000d11  TA3_0_IRQHandler              
00000d11  TA3_N_IRQHandler              
00000d11  UsageFault_Handler            
00000d11  WDT_A_IRQHandler              
00000d13  _system_pre_init              
00000d17  C$$EXIT                       
00000d17  abort                         
00000d34  __TI_Handler_Table_Base       
00000d3c  __TI_CINIT_Base               
00000d3c  __TI_Handler_Table_Limit      
00000d44  __TI_CINIT_Limit              
20000000  flag                          
20000004  analogValue                   
20000010  SystemCoreClock               
2000fe00  __stack                       
20010000  __STACK_END                   
4000480c  WDTCTL_SYM                    
ffffffff  __TI_pprof_out_hndl           
ffffffff  __TI_prof_data_size           
ffffffff  __TI_prof_data_start          
ffffffff  __binit__                     
ffffffff  __c_args__                    
ffffffff  binit                         
UNDEFED   __mpu_init                    
UNDEFED   _system_post_cinit            

[104 symbols]
