******************************************************************************
                  TI ARM Linker Unix v18.12.1                  
******************************************************************************
>> Linked Mon May 13 20:40:29 2019

OUTPUT FILE NAME:   <Assignment9.out>
ENTRY POINT SYMBOL: "_c_int00_noargs"  address: 00000c95


MEMORY CONFIGURATION

         name            origin    length      used     unused   attr    fill
----------------------  --------  ---------  --------  --------  ----  --------
  MAIN                  00000000   00040000  00000d43  0003f2bd  R  X
  INFO                  00200000   00004000  00000000  00004000  R  X
  SRAM_CODE             01000000   00010000  00000214  0000fdec  RW X
  SRAM_DATA             20000000   00010000  00000214  0000fdec  RW  


SEGMENT ALLOCATION MAP

run origin  load origin   length   init length attrs members
----------  ----------- ---------- ----------- ----- -------
00000000    00000000    00000d44   00000d44    r-x
  00000000    00000000    000000e4   000000e4    r-- .intvecs
  000000e4    000000e4    00000c3c   00000c3c    r-x .text
  00000d20    00000d20    00000007   00000007    r-- .const
  00000d28    00000d28    0000001c   0000001c    r-- .cinit
20000000    20000000    00000014   00000000    rw-
  20000000    20000000    00000014   00000000    rw- .data
2000fe00    2000fe00    00000200   00000000    rw-
  2000fe00    2000fe00    00000200   00000000    rw- .stack


SECTION ALLOCATION MAP

 output                                  attributes/
section   page    origin      length       input sections
--------  ----  ----------  ----------   ----------------
.intvecs   0    00000000    000000e4     
                  00000000    000000e4     startup_msp432p401r_ccs.obj (.intvecs:retain)

.text      0    000000e4    00000c3c     
                  000000e4    00000334     system_msp432p401r.obj (.text)
                  00000418    000001b6     rtsv7M4_T_le_v4SPD16_eabi.lib : fd_add_t2.asm.obj (.text)
                  000005ce    00000002     --HOLE-- [fill = 0]
                  000005d0    00000190     adc.obj (.text)
                  00000760    00000170     uart.obj (.text)
                  000008d0    000000fc     rtsv7M4_T_le_v4SPD16_eabi.lib : fd_mul_t2.asm.obj (.text)
                  000009cc    0000009c                                   : memcpy_t2.asm.obj (.text)
                  00000a68    00000090     set_dco.obj (.text)
                  00000af8    00000080     main.obj (.text)
                  00000b78    0000006e     rtsv7M4_T_le_v4SPD16_eabi.lib : fd_tos_t2.asm.obj (.text)
                  00000be6    00000068                                   : copy_decompress_lzss.c.obj (.text:decompress:lzss:__TI_decompress_lzss)
                  00000c4e    00000002     --HOLE-- [fill = 0]
                  00000c50    00000044                                   : autoinit.c.obj (.text:__TI_auto_init_nobinit_nopinit:__TI_auto_init_nobinit_nopinit)
                  00000c94    00000034                                   : boot_cortex_m.c.obj (.text:_c_int00_noargs:_c_int00_noargs)
                  00000cc8    00000020                                   : u_tofd_t2.asm.obj (.text)
                  00000ce8    00000014                                   : strlen.c.obj (.text:strlen)
                  00000cfc    0000000e                                   : copy_decompress_none.c.obj (.text:decompress:none:__TI_decompress_none)
                  00000d0a    0000000e     startup_msp432p401r_ccs.obj (.text)
                  00000d18    00000004     rtsv7M4_T_le_v4SPD16_eabi.lib : pre_init.c.obj (.text:_system_pre_init)
                  00000d1c    00000004                                   : exit.c.obj (.text:abort:abort)

.const     0    00000d20    00000007     
                  00000d20    00000007     adc.obj (.const:.string:$P$T0$1)

.cinit     0    00000d28    0000001c     
                  00000d28    0000000b     (.cinit..data.load) [load image, compression = lzss]
                  00000d33    00000001     --HOLE-- [fill = 0]
                  00000d34    00000008     (__TI_handler_table)
                  00000d3c    00000008     (__TI_cinit_table)

.init_array 
*          0    00000000    00000000     UNINITIALIZED

.binit     0    00000000    00000000     

.data      0    20000000    00000014     UNINITIALIZED
                  20000000    00000008     adc.obj (.data)
                  20000008    00000008     uart.obj (.data)
                  20000010    00000004     system_msp432p401r.obj (.data)

.stack     0    2000fe00    00000200     UNINITIALIZED
                  2000fe00    00000004     rtsv7M4_T_le_v4SPD16_eabi.lib : boot_cortex_m.c.obj (.stack)
                  2000fe04    000001fc     --HOLE--

MODULE SUMMARY

       Module                        code   ro data   rw data
       ------                        ----   -------   -------
    ./
       system_msp432p401r.obj        820    0         8      
       adc.obj                       400    7         16     
       uart.obj                      368    0         16     
       startup_msp432p401r_ccs.obj   14     228       0      
       set_dco.obj                   144    0         0      
       main.obj                      128    0         0      
    +--+-----------------------------+------+---------+---------+
       Total:                        1874   235       40     
                                                             
    /Applications/ti/ccs900/ccs/tools/compiler/ti-cgt-arm_18.12.1.LTS/lib/rtsv7M4_T_le_v4SPD16_eabi.lib
       fd_add_t2.asm.obj             438    0         0      
       fd_mul_t2.asm.obj             252    0         0      
       memcpy_t2.asm.obj             156    0         0      
       fd_tos_t2.asm.obj             110    0         0      
       copy_decompress_lzss.c.obj    104    0         0      
       autoinit.c.obj                68     0         0      
       boot_cortex_m.c.obj           52     0         0      
       u_tofd_t2.asm.obj             32     0         0      
       strlen.c.obj                  20     0         0      
       copy_decompress_none.c.obj    14     0         0      
       exit.c.obj                    4      0         0      
       pre_init.c.obj                4      0         0      
    +--+-----------------------------+------+---------+---------+
       Total:                        1254   0         0      
                                                             
       Stack:                        0      0         1024   
       Linker Generated:             0      27        0      
    +--+-----------------------------+------+---------+---------+
       Grand Total:                  3128   262       1064   


LINKER GENERATED COPY TABLES

__TI_cinit_table @ 00000d3c records: 1, size/record: 8, table size: 8
	.data: load addr=00000d28, load size=0000000b bytes, run addr=20000000, run size=00000014 bytes, compression=lzss


LINKER GENERATED HANDLER TABLE

__TI_handler_table @ 00000d34 records: 2, size/record: 4, table size: 8
	index: 0, handler: __TI_decompress_lzss
	index: 1, handler: __TI_decompress_none


GLOBAL SYMBOLS: SORTED ALPHABETICALLY BY Name 

address   name                          
-------   ----                          
00000719  ADC14_IRQHandler              
00000719  ADC14_IRQHandler              
00000d17  AES256_IRQHandler             
00000d17  BusFault_Handler              
00000d1d  C$$EXIT                       
00000d17  COMP_E0_IRQHandler            
00000d17  COMP_E1_IRQHandler            
00000d17  CS_IRQHandler                 
00000d17  DMA_ERR_IRQHandler            
00000d17  DMA_INT0_IRQHandler           
00000d17  DMA_INT1_IRQHandler           
00000d17  DMA_INT2_IRQHandler           
00000d17  DMA_INT3_IRQHandler           
00000d17  DebugMon_Handler              
00000d17  Default_Handler               
00000841  EUSCIA0_IRQHandler            
00000841  EUSCIA0_IRQHandler            
00000d17  EUSCIA1_IRQHandler            
00000d17  EUSCIA2_IRQHandler            
00000d17  EUSCIA3_IRQHandler            
00000d17  EUSCIB0_IRQHandler            
00000d17  EUSCIB1_IRQHandler            
00000d17  EUSCIB2_IRQHandler            
00000d17  EUSCIB3_IRQHandler            
00000d17  FLCTL_IRQHandler              
00000d17  FPU_IRQHandler                
00000d17  HardFault_Handler             
00000d17  MemManage_Handler             
00000d17  NMI_Handler                   
00000d17  PCM_IRQHandler                
00000d17  PORT1_IRQHandler              
00000d17  PORT2_IRQHandler              
00000d17  PORT3_IRQHandler              
00000d17  PORT4_IRQHandler              
00000d17  PORT5_IRQHandler              
00000d17  PORT6_IRQHandler              
00000d17  PSS_IRQHandler                
00000d17  PendSV_Handler                
00000d17  RTC_C_IRQHandler              
00000d0b  Reset_Handler                 
00000d17  SVC_Handler                   
00000d17  SysTick_Handler               
20000010  SystemCoreClock               
000000e5  SystemCoreClockUpdate         
0000035d  SystemInit                    
00000d17  T32_INT1_IRQHandler           
00000d17  T32_INT2_IRQHandler           
00000d17  T32_INTC_IRQHandler           
00000d17  TA0_0_IRQHandler              
00000d17  TA0_N_IRQHandler              
00000d17  TA1_0_IRQHandler              
00000d17  TA1_N_IRQHandler              
00000d17  TA2_0_IRQHandler              
00000d17  TA2_N_IRQHandler              
00000d17  TA3_0_IRQHandler              
00000d17  TA3_N_IRQHandler              
00000d17  UsageFault_Handler            
4000480c  WDTCTL_SYM                    
00000d17  WDT_A_IRQHandler              
20010000  __STACK_END                   
00000200  __STACK_SIZE                  
00000d3c  __TI_CINIT_Base               
00000d44  __TI_CINIT_Limit              
00000d34  __TI_Handler_Table_Base       
00000d3c  __TI_Handler_Table_Limit      
00000c51  __TI_auto_init_nobinit_nopinit
00000be7  __TI_decompress_lzss          
00000cfd  __TI_decompress_none          
ffffffff  __TI_pprof_out_hndl           
ffffffff  __TI_prof_data_size           
ffffffff  __TI_prof_data_start          
00000000  __TI_static_base__            
00000b79  __aeabi_d2f                   
00000423  __aeabi_dadd                  
000008d1  __aeabi_dmul                  
00000419  __aeabi_dsub                  
000009cd  __aeabi_memcpy                
000009cd  __aeabi_memcpy4               
000009cd  __aeabi_memcpy8               
00000cc9  __aeabi_ui2d                  
ffffffff  __binit__                     
ffffffff  __c_args__                    
UNDEFED   __mpu_init                    
2000fe00  __stack                       
00000c95  _c_int00_noargs               
UNDEFED   _system_post_cinit            
00000d19  _system_pre_init              
00000d1d  abort                         
20000004  analogValue                   
ffffffff  binit                         
0000081f  check_flag                    
00000807  esc_seq                       
20000000  flag                          
00000701  get_flag_adc                  
00000825  get_voltage                   
00000707  get_voltage_adc               
000005d1  init_ADC                      
00000761  init_UART                     
00000000  interruptVectors              
00000af9  main                          
000009cd  memcpy                        
000007b7  print_char                    
000007d3  print_string                  
00000a69  set_DCO                       
0000061f  str_voltage                   
00000ce9  strlen                        


GLOBAL SYMBOLS: SORTED BY Symbol Address 

address   name                          
-------   ----                          
00000000  __TI_static_base__            
00000000  interruptVectors              
000000e5  SystemCoreClockUpdate         
00000200  __STACK_SIZE                  
0000035d  SystemInit                    
00000419  __aeabi_dsub                  
00000423  __aeabi_dadd                  
000005d1  init_ADC                      
0000061f  str_voltage                   
00000701  get_flag_adc                  
00000707  get_voltage_adc               
00000719  ADC14_IRQHandler              
00000719  ADC14_IRQHandler              
00000761  init_UART                     
000007b7  print_char                    
000007d3  print_string                  
00000807  esc_seq                       
0000081f  check_flag                    
00000825  get_voltage                   
00000841  EUSCIA0_IRQHandler            
00000841  EUSCIA0_IRQHandler            
000008d1  __aeabi_dmul                  
000009cd  __aeabi_memcpy                
000009cd  __aeabi_memcpy4               
000009cd  __aeabi_memcpy8               
000009cd  memcpy                        
00000a69  set_DCO                       
00000af9  main                          
00000b79  __aeabi_d2f                   
00000be7  __TI_decompress_lzss          
00000c51  __TI_auto_init_nobinit_nopinit
00000c95  _c_int00_noargs               
00000cc9  __aeabi_ui2d                  
00000ce9  strlen                        
00000cfd  __TI_decompress_none          
00000d0b  Reset_Handler                 
00000d17  AES256_IRQHandler             
00000d17  BusFault_Handler              
00000d17  COMP_E0_IRQHandler            
00000d17  COMP_E1_IRQHandler            
00000d17  CS_IRQHandler                 
00000d17  DMA_ERR_IRQHandler            
00000d17  DMA_INT0_IRQHandler           
00000d17  DMA_INT1_IRQHandler           
00000d17  DMA_INT2_IRQHandler           
00000d17  DMA_INT3_IRQHandler           
00000d17  DebugMon_Handler              
00000d17  Default_Handler               
00000d17  EUSCIA1_IRQHandler            
00000d17  EUSCIA2_IRQHandler            
00000d17  EUSCIA3_IRQHandler            
00000d17  EUSCIB0_IRQHandler            
00000d17  EUSCIB1_IRQHandler            
00000d17  EUSCIB2_IRQHandler            
00000d17  EUSCIB3_IRQHandler            
00000d17  FLCTL_IRQHandler              
00000d17  FPU_IRQHandler                
00000d17  HardFault_Handler             
00000d17  MemManage_Handler             
00000d17  NMI_Handler                   
00000d17  PCM_IRQHandler                
00000d17  PORT1_IRQHandler              
00000d17  PORT2_IRQHandler              
00000d17  PORT3_IRQHandler              
00000d17  PORT4_IRQHandler              
00000d17  PORT5_IRQHandler              
00000d17  PORT6_IRQHandler              
00000d17  PSS_IRQHandler                
00000d17  PendSV_Handler                
00000d17  RTC_C_IRQHandler              
00000d17  SVC_Handler                   
00000d17  SysTick_Handler               
00000d17  T32_INT1_IRQHandler           
00000d17  T32_INT2_IRQHandler           
00000d17  T32_INTC_IRQHandler           
00000d17  TA0_0_IRQHandler              
00000d17  TA0_N_IRQHandler              
00000d17  TA1_0_IRQHandler              
00000d17  TA1_N_IRQHandler              
00000d17  TA2_0_IRQHandler              
00000d17  TA2_N_IRQHandler              
00000d17  TA3_0_IRQHandler              
00000d17  TA3_N_IRQHandler              
00000d17  UsageFault_Handler            
00000d17  WDT_A_IRQHandler              
00000d19  _system_pre_init              
00000d1d  C$$EXIT                       
00000d1d  abort                         
00000d34  __TI_Handler_Table_Base       
00000d3c  __TI_CINIT_Base               
00000d3c  __TI_Handler_Table_Limit      
00000d44  __TI_CINIT_Limit              
20000000  flag                          
20000004  analogValue                   
20000010  SystemCoreClock               
2000fe00  __stack                       
20010000  __STACK_END                   
4000480c  WDTCTL_SYM                    
ffffffff  __TI_pprof_out_hndl           
ffffffff  __TI_prof_data_size           
ffffffff  __TI_prof_data_start          
ffffffff  __binit__                     
ffffffff  __c_args__                    
ffffffff  binit                         
UNDEFED   __mpu_init                    
UNDEFED   _system_post_cinit            

[106 symbols]
