******************************************************************************
                  TI ARM Linker Unix v18.12.1                  
******************************************************************************
>> Linked Wed Apr 17 13:03:10 2019

OUTPUT FILE NAME:   <Project1.out>
ENTRY POINT SYMBOL: "_c_int00_noargs"  address: 00000b8d


MEMORY CONFIGURATION

         name            origin    length      used     unused   attr    fill
----------------------  --------  ---------  --------  --------  ----  --------
  MAIN                  00000000   00040000  00000c1d  0003f3e3  R  X
  INFO                  00200000   00004000  00000000  00004000  R  X
  SRAM_CODE             01000000   00010000  00000204  0000fdfc  RW X
  SRAM_DATA             20000000   00010000  00000204  0000fdfc  RW  


SEGMENT ALLOCATION MAP

run origin  load origin   length   init length attrs members
----------  ----------- ---------- ----------- ----- -------
00000000    00000000    00000c20   00000c20    r-x
  00000000    00000000    000000e4   000000e4    r-- .intvecs
  000000e4    000000e4    00000b14   00000b14    r-x .text
  00000bf8    00000bf8    0000000d   0000000d    r-- .const
  00000c08    00000c08    00000018   00000018    r-- .cinit
20000000    20000000    00000004   00000000    rw-
  20000000    20000000    00000004   00000000    rw- .data
2000fe00    2000fe00    00000200   00000000    rw-
  2000fe00    2000fe00    00000200   00000000    rw- .stack


SECTION ALLOCATION MAP

 output                                  attributes/
section   page    origin      length       input sections
--------  ----  ----------  ----------   ----------------
.intvecs   0    00000000    000000e4     
                  00000000    000000e4     startup_msp432p401r_ccs.obj (.intvecs:retain)

.text      0    000000e4    00000b14     
                  000000e4    00000334     system_msp432p401r.obj (.text)
                  00000418    000002c8     LCD.obj (.text)
                  000006e0    0000017c     digi_lock.obj (.text)
                  0000085c    000000f0     keypad.obj (.text)
                  0000094c    000000b4     main.obj (.text)
                  00000a00    0000009c     rtsv7M4_T_le_v4SPD16_eabi.lib : memcpy_t2.asm.obj (.text)
                  00000a9c    00000068                                   : copy_decompress_lzss.c.obj (.text:decompress:lzss:__TI_decompress_lzss)
                  00000b04    00000044                                   : autoinit.c.obj (.text:__TI_auto_init_nobinit_nopinit:__TI_auto_init_nobinit_nopinit)
                  00000b48    00000044     delay.obj (.text)
                  00000b8c    00000034     rtsv7M4_T_le_v4SPD16_eabi.lib : boot_cortex_m.c.obj (.text:_c_int00_noargs:_c_int00_noargs)
                  00000bc0    00000014                                   : strlen.c.obj (.text:strlen)
                  00000bd4    0000000e                                   : copy_decompress_none.c.obj (.text:decompress:none:__TI_decompress_none)
                  00000be2    0000000e     startup_msp432p401r_ccs.obj (.text)
                  00000bf0    00000004     rtsv7M4_T_le_v4SPD16_eabi.lib : pre_init.c.obj (.text:_system_pre_init)
                  00000bf4    00000004                                   : exit.c.obj (.text:abort:abort)

.const     0    00000bf8    0000000d     
                  00000bf8    0000000d     digi_lock.obj (.const:.string:charLUT)

.cinit     0    00000c08    00000018     
                  00000c08    00000008     (.cinit..data.load) [load image, compression = lzss]
                  00000c10    00000008     (__TI_handler_table)
                  00000c18    00000008     (__TI_cinit_table)

.init_array 
*          0    00000000    00000000     UNINITIALIZED

.binit     0    00000000    00000000     

.data      0    20000000    00000004     UNINITIALIZED
                  20000000    00000004     system_msp432p401r.obj (.data)

.stack     0    2000fe00    00000200     UNINITIALIZED
                  2000fe00    00000004     rtsv7M4_T_le_v4SPD16_eabi.lib : boot_cortex_m.c.obj (.stack)
                  2000fe04    000001fc     --HOLE--

MODULE SUMMARY

       Module                        code   ro data   rw data
       ------                        ----   -------   -------
    ./
       system_msp432p401r.obj        820    0         8      
       LCD.obj                       712    0         0      
       digi_lock.obj                 380    13        0      
       startup_msp432p401r_ccs.obj   14     228       0      
       keypad.obj                    240    0         0      
       main.obj                      180    0         0      
       delay.obj                     68     0         0      
    +--+-----------------------------+------+---------+---------+
       Total:                        2414   241       8      
                                                             
    /Applications/ti/ccs900/ccs/tools/compiler/ti-cgt-arm_18.12.1.LTS/lib/rtsv7M4_T_le_v4SPD16_eabi.lib
       memcpy_t2.asm.obj             156    0         0      
       copy_decompress_lzss.c.obj    104    0         0      
       autoinit.c.obj                68     0         0      
       boot_cortex_m.c.obj           52     0         0      
       strlen.c.obj                  20     0         0      
       copy_decompress_none.c.obj    14     0         0      
       exit.c.obj                    4      0         0      
       pre_init.c.obj                4      0         0      
    +--+-----------------------------+------+---------+---------+
       Total:                        422    0         0      
                                                             
       Stack:                        0      0         1024   
       Linker Generated:             0      24        0      
    +--+-----------------------------+------+---------+---------+
       Grand Total:                  2836   265       1032   


LINKER GENERATED COPY TABLES

__TI_cinit_table @ 00000c18 records: 1, size/record: 8, table size: 8
	.data: load addr=00000c08, load size=00000008 bytes, run addr=20000000, run size=00000004 bytes, compression=lzss


LINKER GENERATED HANDLER TABLE

__TI_handler_table @ 00000c10 records: 2, size/record: 4, table size: 8
	index: 0, handler: __TI_decompress_lzss
	index: 1, handler: __TI_decompress_none


GLOBAL SYMBOLS: SORTED ALPHABETICALLY BY Name 

address   name                          
-------   ----                          
00000bef  ADC14_IRQHandler              
00000bef  AES256_IRQHandler             
00000bef  BusFault_Handler              
00000bf5  C$$EXIT                       
00000bef  COMP_E0_IRQHandler            
00000bef  COMP_E1_IRQHandler            
00000bef  CS_IRQHandler                 
00000bef  DMA_ERR_IRQHandler            
00000bef  DMA_INT0_IRQHandler           
00000bef  DMA_INT1_IRQHandler           
00000bef  DMA_INT2_IRQHandler           
00000bef  DMA_INT3_IRQHandler           
00000bef  DebugMon_Handler              
00000bef  Default_Handler               
00000bef  EUSCIA0_IRQHandler            
00000bef  EUSCIA1_IRQHandler            
00000bef  EUSCIA2_IRQHandler            
00000bef  EUSCIA3_IRQHandler            
00000bef  EUSCIB0_IRQHandler            
00000bef  EUSCIB1_IRQHandler            
00000bef  EUSCIB2_IRQHandler            
00000bef  EUSCIB3_IRQHandler            
00000bef  FLCTL_IRQHandler              
00000bef  FPU_IRQHandler                
00000bef  HardFault_Handler             
00000bef  MemManage_Handler             
00000bef  NMI_Handler                   
00000bef  PCM_IRQHandler                
00000bef  PORT1_IRQHandler              
00000bef  PORT2_IRQHandler              
00000bef  PORT3_IRQHandler              
00000bef  PORT4_IRQHandler              
00000bef  PORT5_IRQHandler              
00000bef  PORT6_IRQHandler              
00000bef  PSS_IRQHandler                
00000bef  PendSV_Handler                
00000bef  RTC_C_IRQHandler              
00000be3  Reset_Handler                 
00000bef  SVC_Handler                   
00000bef  SysTick_Handler               
20000000  SystemCoreClock               
000000e5  SystemCoreClockUpdate         
0000035d  SystemInit                    
00000bef  T32_INT1_IRQHandler           
00000bef  T32_INT2_IRQHandler           
00000bef  T32_INTC_IRQHandler           
00000bef  TA0_0_IRQHandler              
00000bef  TA0_N_IRQHandler              
00000bef  TA1_0_IRQHandler              
00000bef  TA1_N_IRQHandler              
00000bef  TA2_0_IRQHandler              
00000bef  TA2_N_IRQHandler              
00000bef  TA3_0_IRQHandler              
00000bef  TA3_N_IRQHandler              
00000bef  UsageFault_Handler            
4000480c  WDTCTL_SYM                    
00000bef  WDT_A_IRQHandler              
20010000  __STACK_END                   
00000200  __STACK_SIZE                  
00000c18  __TI_CINIT_Base               
00000c20  __TI_CINIT_Limit              
00000c10  __TI_Handler_Table_Base       
00000c18  __TI_Handler_Table_Limit      
00000b05  __TI_auto_init_nobinit_nopinit
00000a9d  __TI_decompress_lzss          
00000bd5  __TI_decompress_none          
ffffffff  __TI_pprof_out_hndl           
ffffffff  __TI_prof_data_size           
ffffffff  __TI_prof_data_start          
00000000  __TI_static_base__            
00000a01  __aeabi_memcpy                
00000a01  __aeabi_memcpy4               
00000a01  __aeabi_memcpy8               
ffffffff  __binit__                     
ffffffff  __c_args__                    
UNDEFED   __mpu_init                    
2000fe00  __stack                       
00000b8d  _c_int00_noargs               
UNDEFED   _system_post_cinit            
00000bf1  _system_pre_init              
00000bf5  abort                         
ffffffff  binit                         
00000835  check_pin                     
00000419  clear_LCD                     
00000507  command                       
00000b49  delay_us                      
000005a7  get_addr                      
0000085d  get_key                       
00000427  home_LCD                      
00000000  interruptVectors              
000004ad  lcd_init                      
000006e1  loading_screen                
0000076f  locked_state                  
0000094d  main                          
00000a01  memcpy                        
00000585  output_data                   
00000647  read_data                     
0000062f  set_addr                      
00000435  set_line                      
0000044d  shift_LCD                     
00000bc1  strlen                        
00000567  toggle_EN                     
00000833  unlocked_state                
00000713  wait                          
00000533  write_char                    
00000485  write_string                  


GLOBAL SYMBOLS: SORTED BY Symbol Address 

address   name                          
-------   ----                          
00000000  __TI_static_base__            
00000000  interruptVectors              
000000e5  SystemCoreClockUpdate         
00000200  __STACK_SIZE                  
0000035d  SystemInit                    
00000419  clear_LCD                     
00000427  home_LCD                      
00000435  set_line                      
0000044d  shift_LCD                     
00000485  write_string                  
000004ad  lcd_init                      
00000507  command                       
00000533  write_char                    
00000567  toggle_EN                     
00000585  output_data                   
000005a7  get_addr                      
0000062f  set_addr                      
00000647  read_data                     
000006e1  loading_screen                
00000713  wait                          
0000076f  locked_state                  
00000833  unlocked_state                
00000835  check_pin                     
0000085d  get_key                       
0000094d  main                          
00000a01  __aeabi_memcpy                
00000a01  __aeabi_memcpy4               
00000a01  __aeabi_memcpy8               
00000a01  memcpy                        
00000a9d  __TI_decompress_lzss          
00000b05  __TI_auto_init_nobinit_nopinit
00000b49  delay_us                      
00000b8d  _c_int00_noargs               
00000bc1  strlen                        
00000bd5  __TI_decompress_none          
00000be3  Reset_Handler                 
00000bef  ADC14_IRQHandler              
00000bef  AES256_IRQHandler             
00000bef  BusFault_Handler              
00000bef  COMP_E0_IRQHandler            
00000bef  COMP_E1_IRQHandler            
00000bef  CS_IRQHandler                 
00000bef  DMA_ERR_IRQHandler            
00000bef  DMA_INT0_IRQHandler           
00000bef  DMA_INT1_IRQHandler           
00000bef  DMA_INT2_IRQHandler           
00000bef  DMA_INT3_IRQHandler           
00000bef  DebugMon_Handler              
00000bef  Default_Handler               
00000bef  EUSCIA0_IRQHandler            
00000bef  EUSCIA1_IRQHandler            
00000bef  EUSCIA2_IRQHandler            
00000bef  EUSCIA3_IRQHandler            
00000bef  EUSCIB0_IRQHandler            
00000bef  EUSCIB1_IRQHandler            
00000bef  EUSCIB2_IRQHandler            
00000bef  EUSCIB3_IRQHandler            
00000bef  FLCTL_IRQHandler              
00000bef  FPU_IRQHandler                
00000bef  HardFault_Handler             
00000bef  MemManage_Handler             
00000bef  NMI_Handler                   
00000bef  PCM_IRQHandler                
00000bef  PORT1_IRQHandler              
00000bef  PORT2_IRQHandler              
00000bef  PORT3_IRQHandler              
00000bef  PORT4_IRQHandler              
00000bef  PORT5_IRQHandler              
00000bef  PORT6_IRQHandler              
00000bef  PSS_IRQHandler                
00000bef  PendSV_Handler                
00000bef  RTC_C_IRQHandler              
00000bef  SVC_Handler                   
00000bef  SysTick_Handler               
00000bef  T32_INT1_IRQHandler           
00000bef  T32_INT2_IRQHandler           
00000bef  T32_INTC_IRQHandler           
00000bef  TA0_0_IRQHandler              
00000bef  TA0_N_IRQHandler              
00000bef  TA1_0_IRQHandler              
00000bef  TA1_N_IRQHandler              
00000bef  TA2_0_IRQHandler              
00000bef  TA2_N_IRQHandler              
00000bef  TA3_0_IRQHandler              
00000bef  TA3_N_IRQHandler              
00000bef  UsageFault_Handler            
00000bef  WDT_A_IRQHandler              
00000bf1  _system_pre_init              
00000bf5  C$$EXIT                       
00000bf5  abort                         
00000c10  __TI_Handler_Table_Base       
00000c18  __TI_CINIT_Base               
00000c18  __TI_Handler_Table_Limit      
00000c20  __TI_CINIT_Limit              
20000000  SystemCoreClock               
2000fe00  __stack                       
20010000  __STACK_END                   
4000480c  WDTCTL_SYM                    
ffffffff  __TI_pprof_out_hndl           
ffffffff  __TI_prof_data_size           
ffffffff  __TI_prof_data_start          
ffffffff  __binit__                     
ffffffff  __c_args__                    
ffffffff  binit                         
UNDEFED   __mpu_init                    
UNDEFED   _system_post_cinit            

[106 symbols]
