******************************************************************************
                  TI ARM Linker Unix v18.12.1                  
******************************************************************************
>> Linked Mon May  6 02:10:04 2019

OUTPUT FILE NAME:   <Project1.out>
ENTRY POINT SYMBOL: "_c_int00_noargs"  address: 00000bd1


MEMORY CONFIGURATION

         name            origin    length      used     unused   attr    fill
----------------------  --------  ---------  --------  --------  ----  --------
  MAIN                  00000000   00040000  00000c69  0003f397  R  X
  INFO                  00200000   00004000  00000000  00004000  R  X
  SRAM_CODE             01000000   00010000  0000020c  0000fdf4  RW X
  SRAM_DATA             20000000   00010000  0000020c  0000fdf4  RW  


SEGMENT ALLOCATION MAP

run origin  load origin   length   init length attrs members
----------  ----------- ---------- ----------- ----- -------
00000000    00000000    00000c70   00000c70    r-x
  00000000    00000000    000000e4   000000e4    r-- .intvecs
  000000e4    000000e4    00000b58   00000b58    r-x .text
  00000c3c    00000c3c    0000000d   0000000d    r-- .const
  00000c50    00000c50    00000020   00000020    r-- .cinit
20000000    20000000    0000000c   00000000    rw-
  20000000    20000000    0000000c   00000000    rw- .data
2000fe00    2000fe00    00000200   00000000    rw-
  2000fe00    2000fe00    00000200   00000000    rw- .stack


SECTION ALLOCATION MAP

 output                                  attributes/
section   page    origin      length       input sections
--------  ----  ----------  ----------   ----------------
.intvecs   0    00000000    000000e4     
                  00000000    000000e4     startup_msp432p401r_ccs.obj (.intvecs:retain)

.text      0    000000e4    00000b58     
                  000000e4    00000334     system_msp432p401r.obj (.text)
                  00000418    000002d0     LCD.obj (.text)
                  000006e8    000001b8     digi_lock.obj (.text)
                  000008a0    000000f0     keypad.obj (.text)
                  00000990    000000b4     main.obj (.text)
                  00000a44    0000009c     rtsv7M4_T_le_v4SPD16_eabi.lib : memcpy_t2.asm.obj (.text)
                  00000ae0    00000068                                   : copy_decompress_lzss.c.obj (.text:decompress:lzss:__TI_decompress_lzss)
                  00000b48    00000044                                   : autoinit.c.obj (.text:__TI_auto_init_nobinit_nopinit:__TI_auto_init_nobinit_nopinit)
                  00000b8c    00000044     delay.obj (.text)
                  00000bd0    00000034     rtsv7M4_T_le_v4SPD16_eabi.lib : boot_cortex_m.c.obj (.text:_c_int00_noargs:_c_int00_noargs)
                  00000c04    00000014                                   : strlen.c.obj (.text:strlen)
                  00000c18    0000000e                                   : copy_decompress_none.c.obj (.text:decompress:none:__TI_decompress_none)
                  00000c26    0000000e     startup_msp432p401r_ccs.obj (.text)
                  00000c34    00000004     rtsv7M4_T_le_v4SPD16_eabi.lib : pre_init.c.obj (.text:_system_pre_init)
                  00000c38    00000004                                   : exit.c.obj (.text:abort:abort)

.const     0    00000c3c    0000000d     
                  00000c3c    0000000d     digi_lock.obj (.const:.string:charLUT)

.cinit     0    00000c50    00000020     
                  00000c50    00000010     (.cinit..data.load) [load image, compression = lzss]
                  00000c60    00000008     (__TI_handler_table)
                  00000c68    00000008     (__TI_cinit_table)

.init_array 
*          0    00000000    00000000     UNINITIALIZED

.binit     0    00000000    00000000     

.data      0    20000000    0000000c     UNINITIALIZED
                  20000000    00000005     digi_lock.obj (.data:mypin)
                  20000005    00000003     --HOLE--
                  20000008    00000004     system_msp432p401r.obj (.data)

.stack     0    2000fe00    00000200     UNINITIALIZED
                  2000fe00    00000004     rtsv7M4_T_le_v4SPD16_eabi.lib : boot_cortex_m.c.obj (.stack)
                  2000fe04    000001fc     --HOLE--

MODULE SUMMARY

       Module                        code   ro data   rw data
       ------                        ----   -------   -------
    ./
       system_msp432p401r.obj        820    0         8      
       LCD.obj                       720    0         0      
       digi_lock.obj                 440    13        10     
       startup_msp432p401r_ccs.obj   14     228       0      
       keypad.obj                    240    0         0      
       main.obj                      180    0         0      
       delay.obj                     68     0         0      
    +--+-----------------------------+------+---------+---------+
       Total:                        2482   241       18     
                                                             
    /Applications/ti/ccs900/ccs/tools/compiler/ti-cgt-arm_18.12.1.LTS/lib/rtsv7M4_T_le_v4SPD16_eabi.lib
       memcpy_t2.asm.obj             156    0         0      
       copy_decompress_lzss.c.obj    104    0         0      
       autoinit.c.obj                68     0         0      
       boot_cortex_m.c.obj           52     0         0      
       strlen.c.obj                  20     0         0      
       copy_decompress_none.c.obj    14     0         0      
       exit.c.obj                    4      0         0      
       pre_init.c.obj                4      0         0      
    +--+-----------------------------+------+---------+---------+
       Total:                        422    0         0      
                                                             
       Stack:                        0      0         1024   
       Linker Generated:             0      32        0      
    +--+-----------------------------+------+---------+---------+
       Grand Total:                  2904   273       1042   


LINKER GENERATED COPY TABLES

__TI_cinit_table @ 00000c68 records: 1, size/record: 8, table size: 8
	.data: load addr=00000c50, load size=00000010 bytes, run addr=20000000, run size=0000000c bytes, compression=lzss


LINKER GENERATED HANDLER TABLE

__TI_handler_table @ 00000c60 records: 2, size/record: 4, table size: 8
	index: 0, handler: __TI_decompress_lzss
	index: 1, handler: __TI_decompress_none


GLOBAL SYMBOLS: SORTED ALPHABETICALLY BY Name 

address   name                          
-------   ----                          
00000c33  ADC14_IRQHandler              
00000c33  AES256_IRQHandler             
00000c33  BusFault_Handler              
00000c39  C$$EXIT                       
00000c33  COMP_E0_IRQHandler            
00000c33  COMP_E1_IRQHandler            
00000c33  CS_IRQHandler                 
00000c33  DMA_ERR_IRQHandler            
00000c33  DMA_INT0_IRQHandler           
00000c33  DMA_INT1_IRQHandler           
00000c33  DMA_INT2_IRQHandler           
00000c33  DMA_INT3_IRQHandler           
00000c33  DebugMon_Handler              
00000c33  Default_Handler               
00000c33  EUSCIA0_IRQHandler            
00000c33  EUSCIA1_IRQHandler            
00000c33  EUSCIA2_IRQHandler            
00000c33  EUSCIA3_IRQHandler            
00000c33  EUSCIB0_IRQHandler            
00000c33  EUSCIB1_IRQHandler            
00000c33  EUSCIB2_IRQHandler            
00000c33  EUSCIB3_IRQHandler            
00000c33  FLCTL_IRQHandler              
00000c33  FPU_IRQHandler                
00000c33  HardFault_Handler             
00000c33  MemManage_Handler             
00000c33  NMI_Handler                   
00000c33  PCM_IRQHandler                
00000c33  PORT1_IRQHandler              
00000c33  PORT2_IRQHandler              
00000c33  PORT3_IRQHandler              
00000c33  PORT4_IRQHandler              
00000c33  PORT5_IRQHandler              
00000c33  PORT6_IRQHandler              
00000c33  PSS_IRQHandler                
00000c33  PendSV_Handler                
00000c33  RTC_C_IRQHandler              
00000c27  Reset_Handler                 
00000c33  SVC_Handler                   
00000c33  SysTick_Handler               
20000008  SystemCoreClock               
000000e5  SystemCoreClockUpdate         
0000035d  SystemInit                    
00000c33  T32_INT1_IRQHandler           
00000c33  T32_INT2_IRQHandler           
00000c33  T32_INTC_IRQHandler           
00000c33  TA0_0_IRQHandler              
00000c33  TA0_N_IRQHandler              
00000c33  TA1_0_IRQHandler              
00000c33  TA1_N_IRQHandler              
00000c33  TA2_0_IRQHandler              
00000c33  TA2_N_IRQHandler              
00000c33  TA3_0_IRQHandler              
00000c33  TA3_N_IRQHandler              
00000c33  UsageFault_Handler            
4000480c  WDTCTL_SYM                    
00000c33  WDT_A_IRQHandler              
20010000  __STACK_END                   
00000200  __STACK_SIZE                  
00000c68  __TI_CINIT_Base               
00000c70  __TI_CINIT_Limit              
00000c60  __TI_Handler_Table_Base       
00000c68  __TI_Handler_Table_Limit      
00000b49  __TI_auto_init_nobinit_nopinit
00000ae1  __TI_decompress_lzss          
00000c19  __TI_decompress_none          
ffffffff  __TI_pprof_out_hndl           
ffffffff  __TI_prof_data_size           
ffffffff  __TI_prof_data_start          
00000000  __TI_static_base__            
00000a45  __aeabi_memcpy                
00000a45  __aeabi_memcpy4               
00000a45  __aeabi_memcpy8               
ffffffff  __binit__                     
ffffffff  __c_args__                    
UNDEFED   __mpu_init                    
2000fe00  __stack                       
00000bd1  _c_int00_noargs               
UNDEFED   _system_post_cinit            
00000c35  _system_pre_init              
00000c39  abort                         
ffffffff  binit                         
00000805  check_pin                     
00000419  clear_LCD                     
00000507  command                       
00000b8d  delay_us                      
000005a7  get_addr                      
000008a1  get_key                       
00000427  home_LCD                      
00000000  interruptVectors              
000004ad  lcd_init                      
000006e9  locked_state                  
00000991  main                          
00000a45  memcpy                        
20000000  mypin                         
00000585  output_data                   
00000647  read_data                     
000007b9  save_pin                      
0000062f  set_addr                      
00000435  set_line                      
0000044d  shift_LCD                     
00000c05  strlen                        
00000567  toggle_EN                     
00000755  unlocked_state                
00000533  write_char                    
00000485  write_string                  


GLOBAL SYMBOLS: SORTED BY Symbol Address 

address   name                          
-------   ----                          
00000000  __TI_static_base__            
00000000  interruptVectors              
000000e5  SystemCoreClockUpdate         
00000200  __STACK_SIZE                  
0000035d  SystemInit                    
00000419  clear_LCD                     
00000427  home_LCD                      
00000435  set_line                      
0000044d  shift_LCD                     
00000485  write_string                  
000004ad  lcd_init                      
00000507  command                       
00000533  write_char                    
00000567  toggle_EN                     
00000585  output_data                   
000005a7  get_addr                      
0000062f  set_addr                      
00000647  read_data                     
000006e9  locked_state                  
00000755  unlocked_state                
000007b9  save_pin                      
00000805  check_pin                     
000008a1  get_key                       
00000991  main                          
00000a45  __aeabi_memcpy                
00000a45  __aeabi_memcpy4               
00000a45  __aeabi_memcpy8               
00000a45  memcpy                        
00000ae1  __TI_decompress_lzss          
00000b49  __TI_auto_init_nobinit_nopinit
00000b8d  delay_us                      
00000bd1  _c_int00_noargs               
00000c05  strlen                        
00000c19  __TI_decompress_none          
00000c27  Reset_Handler                 
00000c33  ADC14_IRQHandler              
00000c33  AES256_IRQHandler             
00000c33  BusFault_Handler              
00000c33  COMP_E0_IRQHandler            
00000c33  COMP_E1_IRQHandler            
00000c33  CS_IRQHandler                 
00000c33  DMA_ERR_IRQHandler            
00000c33  DMA_INT0_IRQHandler           
00000c33  DMA_INT1_IRQHandler           
00000c33  DMA_INT2_IRQHandler           
00000c33  DMA_INT3_IRQHandler           
00000c33  DebugMon_Handler              
00000c33  Default_Handler               
00000c33  EUSCIA0_IRQHandler            
00000c33  EUSCIA1_IRQHandler            
00000c33  EUSCIA2_IRQHandler            
00000c33  EUSCIA3_IRQHandler            
00000c33  EUSCIB0_IRQHandler            
00000c33  EUSCIB1_IRQHandler            
00000c33  EUSCIB2_IRQHandler            
00000c33  EUSCIB3_IRQHandler            
00000c33  FLCTL_IRQHandler              
00000c33  FPU_IRQHandler                
00000c33  HardFault_Handler             
00000c33  MemManage_Handler             
00000c33  NMI_Handler                   
00000c33  PCM_IRQHandler                
00000c33  PORT1_IRQHandler              
00000c33  PORT2_IRQHandler              
00000c33  PORT3_IRQHandler              
00000c33  PORT4_IRQHandler              
00000c33  PORT5_IRQHandler              
00000c33  PORT6_IRQHandler              
00000c33  PSS_IRQHandler                
00000c33  PendSV_Handler                
00000c33  RTC_C_IRQHandler              
00000c33  SVC_Handler                   
00000c33  SysTick_Handler               
00000c33  T32_INT1_IRQHandler           
00000c33  T32_INT2_IRQHandler           
00000c33  T32_INTC_IRQHandler           
00000c33  TA0_0_IRQHandler              
00000c33  TA0_N_IRQHandler              
00000c33  TA1_0_IRQHandler              
00000c33  TA1_N_IRQHandler              
00000c33  TA2_0_IRQHandler              
00000c33  TA2_N_IRQHandler              
00000c33  TA3_0_IRQHandler              
00000c33  TA3_N_IRQHandler              
00000c33  UsageFault_Handler            
00000c33  WDT_A_IRQHandler              
00000c35  _system_pre_init              
00000c39  C$$EXIT                       
00000c39  abort                         
00000c60  __TI_Handler_Table_Base       
00000c68  __TI_CINIT_Base               
00000c68  __TI_Handler_Table_Limit      
00000c70  __TI_CINIT_Limit              
20000000  mypin                         
20000008  SystemCoreClock               
2000fe00  __stack                       
20010000  __STACK_END                   
4000480c  WDTCTL_SYM                    
ffffffff  __TI_pprof_out_hndl           
ffffffff  __TI_prof_data_size           
ffffffff  __TI_prof_data_start          
ffffffff  __binit__                     
ffffffff  __c_args__                    
ffffffff  binit                         
UNDEFED   __mpu_init                    
UNDEFED   _system_post_cinit            

[106 symbols]
